<html>
<body>
<pre>
<h1>µVision Build Log</h1>
<h2>Tool Versions:</h2>
IDE-Version: ¦ÌVision V5.20.0.0
Copyright (C) 2016 ARM Ltd and ARM Germany GmbH. All rights reserved.
License Information: 1 1, 1, LIC=DSNXV-PRBW3-4AHDE-5I6L1-FV8YB-Y71E6
 
Tool Versions:
Toolchain:       MDK-ARM Professional  Version: 5.20
Toolchain Path:  C:\Keil_v5\ARM\ARMCC\Bin
C Compiler:      Armcc.exe V5.06 update 2 (build 183)
Assembler:       Armasm.exe V5.06 update 2 (build 183)
Linker/Locator:  ArmLink.exe V5.06 update 2 (build 183)
Library Manager: ArmAr.exe V5.06 update 2 (build 183)
Hex Converter:   FromElf.exe V5.06 update 2 (build 183)
CPU DLL:         SARMCM3.DLL V5.20
Dialog DLL:      DCM.DLL V1.13.7.0
Target DLL:      STLink\ST-LINKIII-KEIL_SWO.dll V2.0.18.0
Dialog DLL:      TCM.DLL V1.14.9.0
 
<h2>Project:</h2>
C:\Users\zbl\Desktop\soft\car\MDK-ARM\car.uvprojx
Project File Date:  04/10/2026

<h2>Output:</h2>
*** Using Compiler 'V5.06 update 2 (build 183)', folder: 'C:\Keil_v5\ARM\ARMCC\Bin'
Rebuild target 'car'
compiling wit_c_sdk.c...
REG.h(286): warning:  #1-D: last line of file ends without a newline
  #endif
wit_c_sdk.h(149): warning:  #1-D: last line of file ends without a newline
  #endif /* __WIT_C_SDK_H */
wit_c_sdk.c: 2 warnings, 0 errors
compiling stm32f1xx_hal_rcc.c...
compiling stm32f1xx_hal_i2c.c...
compiling ws2812b.c...
../Core/Inc/ws2812b.h(80): warning:  #1-D: last line of file ends without a newline
  #endif /* __WS2812_H */
ws2812b.c(322): warning:  #177-D: variable "r" was declared but never referenced
      uint8_t r, g, b;
ws2812b.c(322): warning:  #177-D: variable "g" was declared but never referenced
      uint8_t r, g, b;
ws2812b.c(322): warning:  #177-D: variable "b" was declared but never referenced
      uint8_t r, g, b;
ws2812b.c(372): warning:  #1-D: last line of file ends without a newline
  /*============================= END OF FILE ==================================*/
ws2812b.c: 5 warnings, 0 errors
compiling stm32f1xx_hal.c...
compiling motor.c...
motor.c(155): warning:  #1-D: last line of file ends without a newline
  }
motor.c: 1 warning, 0 errors
compiling tim.c...
compiling chassis.c...
encoder.h(41): warning:  #1-D: last line of file ends without a newline
  //#endif
HWT101.h(15): warning:  #1-D: last line of file ends without a newline
  #endif
chassis.c(327): warning:  #223-D: function "printf" declared implicitly
   printf("[TURN_R] start=%.2f yaw=%.2f delta=%.2f abs=%.2f\r\n",s_turn180_start_yaw,
chassis.c(416): warning:  #1-D: last line of file ends without a newline
  }
chassis.c(69): warning:  #177-D: function "Chassis_ReadEncoder" was declared but never referenced
  static void Chassis_ReadEncoder(int enc[4])
chassis.c: 5 warnings, 0 errors
compiling stm32f1xx_hal_cortex.c...
compiling stm32f1xx_hal_gpio_ex.c...
compiling dma.c...
compiling stm32f1xx_hal_pwr.c...
compiling usart.c...
compiling stm32f1xx_hal_exti.c...
compiling stm32f1xx_hal_flash_ex.c...
compiling i2c.c...
compiling HWT101.c...
HWT101.h(15): warning:  #1-D: last line of file ends without a newline
  #endif
REG.h(286): warning:  #1-D: last line of file ends without a newline
  #endif
wit_c_sdk.h(149): warning:  #1-D: last line of file ends without a newline
  #endif /* __WIT_C_SDK_H */
HWT101.c(147): warning:  #1-D: last line of file ends without a newline
  }
HWT101.c: 4 warnings, 0 errors
compiling stm32f1xx_it.c...
compiling stm32f1xx_hal_rcc_ex.c...
compiling gpio.c...
compiling servo.c...
../Core/Inc/servo.h(16): warning:  #1-D: last line of file ends without a newline
  #endif
servo.c(47): warning:  #1-D: last line of file ends without a newline
    
servo.c: 2 warnings, 0 errors
compiling stm32f1xx_hal_flash.c...
compiling vl53l0x.c...
vl53l0x.h(151): warning:  #1-D: last line of file ends without a newline
  #endif /* __VL53L0X_H */
vl53l0x.c(547): warning:  #1-D: last line of file ends without a newline
  }
vl53l0x.c(10): warning:  #550-D: variable "did_timeout" was set but never used
  static uint8_t  did_timeout     = 0;
vl53l0x.c(11): warning:  #550-D: variable "io_timeout" was set but never used
  static uint16_t io_timeout      = 500;
vl53l0x.c(12): warning:  #177-D: variable "timeout_start_ms" was declared but never referenced
  static uint16_t timeout_start_ms = 0;
vl53l0x.c: 5 warnings, 0 errors
compiling stm32f1xx_hal_msp.c...
compiling stm32f1xx_hal_timebase_tim.c...
compiling encoder.c...
encoder.h(41): warning:  #1-D: last line of file ends without a newline
  //#endif
encoder.c(251): warning:  #1-D: last line of file ends without a newline
  }
encoder.c: 2 warnings, 0 errors
compiling event_groups.c...
compiling croutine.c...
compiling list.c...
compiling stm32f1xx_hal_dma.c...
compiling stm32f1xx_hal_gpio.c...
compiling main.c...
../Core/Inc/ws2812b.h(80): warning:  #1-D: last line of file ends without a newline
  #endif /* __WS2812_H */
../Core/Inc/encoder.h(41): warning:  #1-D: last line of file ends without a newline
  //#endif
../Core/Inc/servo.h(16): warning:  #1-D: last line of file ends without a newline
  #endif
../Core/Inc/vl53l0x.h(151): warning:  #1-D: last line of file ends without a newline
  #endif /* __VL53L0X_H */
../Core/Inc/HWT101.h(15): warning:  #1-D: last line of file ends without a newline
  #endif
../Core/Src/main.c(154): warning:  #177-D: function "NormalizeAngle180" was declared but never referenced
   static float NormalizeAngle180(float angle)
../Core/Src/main.c: 6 warnings, 0 errors
compiling freertos.c...
../Core/Inc/encoder.h(41): warning:  #1-D: last line of file ends without a newline
  //#endif
../Core/Inc/servo.h(16): warning:  #1-D: last line of file ends without a newline
  #endif
../Core/Inc/vl53l0x.h(151): warning:  #1-D: last line of file ends without a newline
  #endif /* __VL53L0X_H */
../Core/Inc/HWT101.h(15): warning:  #1-D: last line of file ends without a newline
  #endif
../Core/Inc/ws2812b.h(80): warning:  #1-D: last line of file ends without a newline
  #endif /* __WS2812_H */
../Core/Src/freertos.c(141): warning:  #177-D: function "Robot_StateMachineTestStep" was declared but never referenced
  static void Robot_StateMachineTestStep(void);
../Core/Src/freertos.c: 6 warnings, 0 errors
compiling queue.c...
compiling stream_buffer.c...
compiling stm32f1xx_hal_tim_ex.c...
assembling startup_stm32f103xe.s...
compiling timers.c...
compiling pid.c...
compiling stm32f1xx_hal_tim.c...
compiling tasks.c...
compiling heap_4.c...
compiling port.c...
compiling cmsis_os.c...
compiling system_stm32f1xx.c...
compiling stm32f1xx_hal_uart.c...
linking...
Program Size: Code=38642 RO-data=1622 RW-data=308 ZI-data=26548  
FromELF: creating hex file...
"car\car.axf" - 0 Error(s), 38 Warning(s).

<h2>Software Packages used:</h2>

Package Vendor: ARM
                http://www.keil.com/pack/ARM.CMSIS.4.5.0.pack
                ARM::CMSIS:CORE:4.3.0
                CMSIS (Cortex Microcontroller Software Interface Standard)
   * Component: CORE Version: 4.3.0

<h2>Collection of Component include folders:</h2>
  C:\Users\zbl\Desktop\soft\car\MDK-ARM\RTE
  D:\keil5\ARM\CMSIS\4.5.0\CMSIS\Include
  D:\keil5\Keil\STM32F1xx_DFP\2.3.0\Device\Include

<h2>Collection of Component Files used:</h2>

   * Component: ARM::CMSIS:CORE:4.3.0
Build Time Elapsed:  00:00:04
</pre>
</body>
</html>
