Component: ARM Compiler 5.06 update 2 (build 183) Tool: armlink [4d35b7]

==============================================================================

Section Cross References

    vl53l0x.o(i.VL53L0X_Init_All) refers to stm32f1xx_hal_gpio.o(i.HAL_GPIO_WritePin) for HAL_GPIO_WritePin
    vl53l0x.o(i.VL53L0X_Init_All) refers to stm32f1xx_hal.o(i.HAL_Delay) for HAL_Delay
    vl53l0x.o(i.VL53L0X_Init_All) refers to vl53l0x.o(i.VL53L0X_SetCurrentAddr) for VL53L0X_SetCurrentAddr
    vl53l0x.o(i.VL53L0X_Init_All) refers to vl53l0x.o(i.VL53L0X_init) for VL53L0X_init
    vl53l0x.o(i.VL53L0X_Init_All) refers to vl53l0x.o(i.VL53L0X_setAddress) for VL53L0X_setAddress
    vl53l0x.o(i.VL53L0X_Init_All) refers to vl53l0x.o(i.VL53L0X_startContinuous) for VL53L0X_startContinuous
    vl53l0x.o(i.VL53L0X_ReadDistance) refers to vl53l0x.o(i.VL53L0X_SetCurrentAddr) for VL53L0X_SetCurrentAddr
    vl53l0x.o(i.VL53L0X_ReadDistance) refers to vl53l0x.o(i.VL53L0X_readRangeContinuousMillimeters) for VL53L0X_readRangeContinuousMillimeters
    vl53l0x.o(i.VL53L0X_SetCurrentAddr) refers to vl53l0x.o(.data) for VL53L0X_address
    vl53l0x.o(i.VL53L0X_getMeasurementTimingBudget) refers to vl53l0x.o(i.VL53L0X_getSequenceStepEnables) for VL53L0X_getSequenceStepEnables
    vl53l0x.o(i.VL53L0X_getMeasurementTimingBudget) refers to vl53l0x.o(i.VL53L0X_getSequenceStepTimeouts) for VL53L0X_getSequenceStepTimeouts
    vl53l0x.o(i.VL53L0X_getMeasurementTimingBudget) refers to vl53l0x.o(.data) for measurement_timing_budget_us
    vl53l0x.o(i.VL53L0X_getSequenceStepEnables) refers to vl53l0x.o(i.VL53L0X_readReg) for VL53L0X_readReg
    vl53l0x.o(i.VL53L0X_getSequenceStepTimeouts) refers to vl53l0x.o(i.VL53L0X_readReg) for VL53L0X_readReg
    vl53l0x.o(i.VL53L0X_getSequenceStepTimeouts) refers to vl53l0x.o(i.VL53L0X_timeoutMclksToMicroseconds) for VL53L0X_timeoutMclksToMicroseconds
    vl53l0x.o(i.VL53L0X_getSequenceStepTimeouts) refers to vl53l0x.o(i.VL53L0X_readReg16Bit) for VL53L0X_readReg16Bit
    vl53l0x.o(i.VL53L0X_getSequenceStepTimeouts) refers to vl53l0x.o(i.VL53L0X_decodeTimeout) for VL53L0X_decodeTimeout
    vl53l0x.o(i.VL53L0X_getSpadInfo) refers to vl53l0x.o(i.VL53L0X_writeReg) for VL53L0X_writeReg
    vl53l0x.o(i.VL53L0X_getSpadInfo) refers to vl53l0x.o(i.VL53L0X_readReg) for VL53L0X_readReg
    vl53l0x.o(i.VL53L0X_init) refers to vl53l0x.o(i.VL53L0X_readReg) for VL53L0X_readReg
    vl53l0x.o(i.VL53L0X_init) refers to vl53l0x.o(i.VL53L0X_writeReg) for VL53L0X_writeReg
    vl53l0x.o(i.VL53L0X_init) refers to vl53l0x.o(i.VL53L0X_setSignalRateLimit) for VL53L0X_setSignalRateLimit
    vl53l0x.o(i.VL53L0X_init) refers to vl53l0x.o(i.VL53L0X_getSpadInfo) for VL53L0X_getSpadInfo
    vl53l0x.o(i.VL53L0X_init) refers to vl53l0x.o(i.VL53L0X_readMulti) for VL53L0X_readMulti
    vl53l0x.o(i.VL53L0X_init) refers to vl53l0x.o(i.VL53L0X_writeMulti) for VL53L0X_writeMulti
    vl53l0x.o(i.VL53L0X_init) refers to vl53l0x.o(i.VL53L0X_getMeasurementTimingBudget) for VL53L0X_getMeasurementTimingBudget
    vl53l0x.o(i.VL53L0X_init) refers to vl53l0x.o(.data) for io_timeout
    vl53l0x.o(i.VL53L0X_init) refers to vl53l0x.o(i.VL53L0X_setMeasurementTimingBudget) for VL53L0X_setMeasurementTimingBudget
    vl53l0x.o(i.VL53L0X_init) refers to vl53l0x.o(i.VL53L0X_performSingleRefCalibration) for VL53L0X_performSingleRefCalibration
    vl53l0x.o(i.VL53L0X_performSingleRefCalibration) refers to vl53l0x.o(i.VL53L0X_writeReg) for VL53L0X_writeReg
    vl53l0x.o(i.VL53L0X_performSingleRefCalibration) refers to vl53l0x.o(i.VL53L0X_readReg) for VL53L0X_readReg
    vl53l0x.o(i.VL53L0X_readMulti) refers to stm32f1xx_hal_i2c.o(i.HAL_I2C_Mem_Read) for HAL_I2C_Mem_Read
    vl53l0x.o(i.VL53L0X_readMulti) refers to vl53l0x.o(.data) for VL53L0X_address
    vl53l0x.o(i.VL53L0X_readMulti) refers to i2c.o(.bss) for hi2c2
    vl53l0x.o(i.VL53L0X_readRangeContinuousMillimeters) refers to vl53l0x.o(i.VL53L0X_readReg) for VL53L0X_readReg
    vl53l0x.o(i.VL53L0X_readRangeContinuousMillimeters) refers to vl53l0x.o(i.VL53L0X_readReg16Bit) for VL53L0X_readReg16Bit
    vl53l0x.o(i.VL53L0X_readRangeContinuousMillimeters) refers to vl53l0x.o(i.VL53L0X_writeReg) for VL53L0X_writeReg
    vl53l0x.o(i.VL53L0X_readRangeContinuousMillimeters) refers to vl53l0x.o(.data) for did_timeout
    vl53l0x.o(i.VL53L0X_readReg) refers to stm32f1xx_hal_i2c.o(i.HAL_I2C_Mem_Read) for HAL_I2C_Mem_Read
    vl53l0x.o(i.VL53L0X_readReg) refers to vl53l0x.o(.data) for VL53L0X_address
    vl53l0x.o(i.VL53L0X_readReg) refers to i2c.o(.bss) for hi2c2
    vl53l0x.o(i.VL53L0X_readReg16Bit) refers to stm32f1xx_hal_i2c.o(i.HAL_I2C_Mem_Read) for HAL_I2C_Mem_Read
    vl53l0x.o(i.VL53L0X_readReg16Bit) refers to vl53l0x.o(.data) for VL53L0X_address
    vl53l0x.o(i.VL53L0X_readReg16Bit) refers to i2c.o(.bss) for hi2c2
    vl53l0x.o(i.VL53L0X_setAddress) refers to vl53l0x.o(i.VL53L0X_writeReg) for VL53L0X_writeReg
    vl53l0x.o(i.VL53L0X_setAddress) refers to stm32f1xx_hal.o(i.HAL_Delay) for HAL_Delay
[...]
    __rt_entry_presh_1                       0x08000225   Thumb Code     0  __rtentry2.o(.ARM.Collect$$rtentry$$00000002)
    __rt_entry_sh                            0x08000225   Thumb Code     0  __rtentry4.o(.ARM.Collect$$rtentry$$00000004)
    __rt_entry_li                            0x0800022b   Thumb Code     0  __rtentry2.o(.ARM.Collect$$rtentry$$0000000A)
    __rt_entry_postsh_1                      0x0800022b   Thumb Code     0  __rtentry2.o(.ARM.Collect$$rtentry$$00000009)
    __rt_entry_main                          0x0800022f   Thumb Code     0  __rtentry2.o(.ARM.Collect$$rtentry$$0000000D)
    __rt_entry_postli_1                      0x0800022f   Thumb Code     0  __rtentry2.o(.ARM.Collect$$rtentry$$0000000C)
    __rt_exit                                0x08000237   Thumb Code     0  rtexit.o(.ARM.Collect$$rtexit$$00000000)
    __rt_exit_ls                             0x08000239   Thumb Code     0  rtexit2.o(.ARM.Collect$$rtexit$$00000003)
    __rt_exit_prels_1                        0x08000239   Thumb Code     0  rtexit2.o(.ARM.Collect$$rtexit$$00000002)
    __rt_exit_exit                           0x0800023d   Thumb Code     0  rtexit2.o(.ARM.Collect$$rtexit$$00000004)
    SVC_Handler                              0x08000245   Thumb Code    32  port.o(.emb_text)
    __asm___6_port_c_39a90d8d__prvStartFirstTask 0x08000269   Thumb Code    28  port.o(.emb_text)
    PendSV_Handler                           0x08000289   Thumb Code    72  port.o(.emb_text)
    vPortGetIPSR                             0x080002d5   Thumb Code     6  port.o(.emb_text)
    Reset_Handler                            0x080002dd   Thumb Code     8  startup_stm32f103xe.o(.text)
    ADC1_2_IRQHandler                        0x080002f7   Thumb Code     0  startup_stm32f103xe.o(.text)
    ADC3_IRQHandler                          0x080002f7   Thumb Code     0  startup_stm32f103xe.o(.text)
    CAN1_RX1_IRQHandler                      0x080002f7   Thumb Code     0  startup_stm32f103xe.o(.text)
    CAN1_SCE_IRQHandler                      0x080002f7   Thumb Code     0  startup_stm32f103xe.o(.text)
    DMA1_Channel1_IRQHandler                 0x080002f7   Thumb Code     0  startup_stm32f103xe.o(.text)
    DMA1_Channel2_IRQHandler                 0x080002f7   Thumb Code     0  startup_stm32f103xe.o(.text)
    DMA1_Channel3_IRQHandler                 0x080002f7   Thumb Code     0  startup_stm32f103xe.o(.text)
    DMA1_Channel4_IRQHandler                 0x080002f7   Thumb Code     0  startup_stm32f103xe.o(.text)
    DMA1_Channel5_IRQHandler                 0x080002f7   Thumb Code     0  startup_stm32f103xe.o(.text)
    DMA1_Channel6_IRQHandler                 0x080002f7   Thumb Code     0  startup_stm32f103xe.o(.text)
    DMA1_Channel7_IRQHandler                 0x080002f7   Thumb Code     0  startup_stm32f103xe.o(.text)
    DMA2_Channel2_IRQHandler                 0x080002f7   Thumb Code     0  startup_stm32f103xe.o(.text)
    DMA2_Channel3_IRQHandler                 0x080002f7   Thumb Code     0  startup_stm32f103xe.o(.text)
    DMA2_Channel4_5_IRQHandler               0x080002f7   Thumb Code     0  startup_stm32f103xe.o(.text)
    EXTI0_IRQHandler                         0x080002f7   Thumb Code     0  startup_stm32f103xe.o(.text)
    EXTI15_10_IRQHandler                     0x080002f7   Thumb Code     0  startup_stm32f103xe.o(.text)
    EXTI1_IRQHandler                         0x080002f7   Thumb Code     0  startup_stm32f103xe.o(.text)
    EXTI2_IRQHandler                         0x080002f7   Thumb Code     0  startup_stm32f103xe.o(.text)
    EXTI3_IRQHandler                         0x080002f7   Thumb Code     0  startup_stm32f103xe.o(.text)
    FLASH_IRQHandler                         0x080002f7   Thumb Code     0  startup_stm32f103xe.o(.text)
    FSMC_IRQHandler                          0x080002f7   Thumb Code     0  startup_stm32f103xe.o(.text)
    I2C1_ER_IRQHandler                       0x080002f7   Thumb Code     0  startup_stm32f103xe.o(.text)
    I2C1_EV_IRQHandler                       0x080002f7   Thumb Code     0  startup_stm32f103xe.o(.text)
    I2C2_ER_IRQHandler                       0x080002f7   Thumb Code     0  startup_stm32f103xe.o(.text)
    I2C2_EV_IRQHandler                       0x080002f7   Thumb Code     0  startup_stm32f103xe.o(.text)
    PVD_IRQHandler                           0x080002f7   Thumb Code     0  startup_stm32f103xe.o(.text)
    RCC_IRQHandler                           0x080002f7   Thumb Code     0  startup_stm32f103xe.o(.text)
    RTC_Alarm_IRQHandler                     0x080002f7   Thumb Code     0  startup_stm32f103xe.o(.text)
    RTC_IRQHandler                           0x080002f7   Thumb Code     0  startup_stm32f103xe.o(.text)
    SDIO_IRQHandler                          0x080002f7   Thumb Code     0  startup_stm32f103xe.o(.text)
    SPI1_IRQHandler                          0x080002f7   Thumb Code     0  startup_stm32f103xe.o(.text)
    SPI2_IRQHandler                          0x080002f7   Thumb Code     0  startup_stm32f103xe.o(.text)
    SPI3_IRQHandler                          0x080002f7   Thumb Code     0  startup_stm32f103xe.o(.text)
    TAMPER_IRQHandler                        0x080002f7   Thumb Code     0  startup_stm32f103xe.o(.text)
    TIM1_BRK_IRQHandler                      0x080002f7   Thumb Code     0  startup_stm32f103xe.o(.text)
    TIM1_CC_IRQHandler                       0x080002f7   Thumb Code     0  startup_stm32f103xe.o(.text)
    TIM1_TRG_COM_IRQHandler                  0x080002f7   Thumb Code     0  startup_stm32f103xe.o(.text)
    TIM2_IRQHandler                          0x080002f7   Thumb Code     0  startup_stm32f103xe.o(.text)
    TIM7_IRQHandler                          0x080002f7   Thumb Code     0  startup_stm32f103xe.o(.text)
    TIM8_BRK_IRQHandler                      0x080002f7   Thumb Code     0  startup_stm32f103xe.o(.text)
    TIM8_CC_IRQHandler                       0x080002f7   Thumb Code     0  startup_stm32f103xe.o(.text)
    TIM8_TRG_COM_IRQHandler                  0x080002f7   Thumb Code     0  startup_stm32f103xe.o(.text)
    UART4_IRQHandler                         0x080002f7   Thumb Code     0  startup_stm32f103xe.o(.text)
    UART5_IRQHandler                         0x080002f7   Thumb Code     0  startup_stm32f103xe.o(.text)
    USBWakeUp_IRQHandler                     0x080002f7   Thumb Code     0  startup_stm32f103xe.o(.text)
    USB_HP_CAN1_TX_IRQHandler                0x080002f7   Thumb Code     0  startup_stm32f103xe.o(.text)
    USB_LP_CAN1_RX0_IRQHandler               0x080002f7   Thumb Code     0  startup_stm32f103xe.o(.text)
    WWDG_IRQHandler                          0x080002f7   Thumb Code     0  startup_stm32f103xe.o(.text)
    __user_initial_stackheap                 0x080002f9   Thumb Code     0  startup_stm32f103xe.o(.text)
    __I$use$semihosting                      0x0800031d   Thumb Code     0  use_no_semi.o(.text)
    __use_no_semihosting_swi                 0x0800031d   Thumb Code     2  use_no_semi.o(.text)
    __2printf                                0x08000321   Thumb Code    20  noretval__2printf.o(.text)
    _printf_str                              0x08000339   Thumb Code    82  _printf_str.o(.text)
    _printf_int_dec                          0x0800038d   Thumb Code   104  _printf_dec.o(.text)
    __printf                                 0x08000405   Thumb Code   270  __printf_wp.o(.text)
    strtol                                   0x08000513   Thumb Code   112  strtol.o(.text)
    _strtok_r                                0x08000583   Thumb Code     4  strtok_r.o(.text)
    strtok_r                                 0x08000583   Thumb Code     0  strtok_r.o(.text)
    strcspn                                  0x08000587   Thumb Code    32  strcspn.o(.text)
    __aeabi_memcpy4                          0x080005a7   Thumb Code     0  rt_memcpy_w.o(.text)
    __aeabi_memcpy8                          0x080005a7   Thumb Code     0  rt_memcpy_w.o(.text)
    __rt_memcpy_w                            0x080005a7   Thumb Code   100  rt_memcpy_w.o(.text)
    _memcpy_lastbytes_aligned                0x080005ef   Thumb Code     0  rt_memcpy_w.o(.text)
    __aeabi_memclr                           0x0800060b   Thumb Code     0  rt_memclr.o(.text)
    __rt_memclr                              0x0800060b   Thumb Code    68  rt_memclr.o(.text)
    _memset                                  0x0800060f   Thumb Code     0  rt_memclr.o(.text)
    __aeabi_memclr4                          0x0800064f   Thumb Code     0  rt_memclr_w.o(.text)
    __aeabi_memclr8                          0x0800064f   Thumb Code     0  rt_memclr_w.o(.text)
    __rt_memclr_w                            0x0800064f   Thumb Code    78  rt_memclr_w.o(.text)
    _memset_w                                0x08000653   Thumb Code     0  rt_memclr_w.o(.text)
    strncpy                                  0x0800069d   Thumb Code    86  strncpy.o(.text)
    strcmp                                   0x080006f5   Thumb Code   128  strcmpv7m.o(.text)
    __use_two_region_memory                  0x08000775   Thumb Code     2  heapauxi.o(.text)
    __rt_heap_escrow$2region                 0x08000777   Thumb Code     2  heapauxi.o(.text)
    __rt_heap_expand$2region                 0x08000779   Thumb Code     2  heapauxi.o(.text)
    __rt_ctype_table                         0x0800077d   Thumb Code    16  rt_ctype_table.o(.text)
    __aeabi_errno_addr                       0x0800078d   Thumb Code     8  rt_errno_addr_intlibspace.o(.text)
    __errno$intlibspace                      0x0800078d   Thumb Code     0  rt_errno_addr_intlibspace.o(.text)
    __rt_errno_addr$intlibspace              0x0800078d   Thumb Code     0  rt_errno_addr_intlibspace.o(.text)
    _printf_int_common                       0x08000795   Thumb Code   178  _printf_intcommon.o(.text)
    __lib_sel_fp_printf                      0x08000847   Thumb Code     2  _printf_fp_dec.o(.text)
    _printf_fp_dec_real                      0x080009f5   Thumb Code   620  _printf_fp_dec.o(.text)
    _printf_cs_common                        0x08000c61   Thumb Code    20  _printf_char.o(.text)
    _printf_char                             0x08000c75   Thumb Code    16  _printf_char.o(.text)
    _printf_string                           0x08000c85   Thumb Code     8  _printf_char.o(.text)
    _printf_char_file                        0x08000c8d   Thumb Code    32  _printf_char_file.o(.text)
    _strtoul                                 0x08000cb1   Thumb Code   158  _strtoul.o(.text)
    __strtok_internal                        0x08000d51   Thumb Code    64  strtok_int.o(.text)
    __user_libspace                          0x08000d95   Thumb Code     8  libspace.o(.text)
    __user_perproc_libspace                  0x08000d95   Thumb Code     0  libspace.o(.text)
    __user_perthread_libspace                0x08000d95   Thumb Code     0  libspace.o(.text)
    __rt_locale                              0x08000d9d   Thumb Code     8  rt_locale_intlibspace.o(.text)
    _ll_udiv10                               0x08000da5   Thumb Code   138  lludiv10.o(.text)
    _printf_char_common                      0x08000e3b   Thumb Code    32  _printf_char_common.o(.text)
    _printf_fp_infnan                        0x08000e61   Thumb Code   112  _printf_fp_infnan.o(.text)
    _chval                                   0x08000ee1   Thumb Code    28  _chval.o(.text)
    _btod_etento                             0x08000efd   Thumb Code   216  bigflt0.o(.text)
    ferror                                   0x08000fd9   Thumb Code     8  ferror.o(.text)
    strspn                                   0x08000fe1   Thumb Code    28  strspn.o(.text)
    __user_setup_stackheap                   0x08000ffd   Thumb Code    74  sys_stackheap_outer.o(.text)
    exit                                     0x08001047   Thumb Code    18  exit.o(.text)
    _btod_d2e                                0x08001059   Thumb Code    62  btod.o(CL$$btod_d2e)
    _d2e_denorm_low                          0x08001097   Thumb Code    70  btod.o(CL$$btod_d2e_denorm_low)
    _d2e_norm_op1                            0x080010dd   Thumb Code    96  btod.o(CL$$btod_d2e_norm_op1)
    __btod_div_common                        0x0800113d   Thumb Code   696  btod.o(CL$$btod_div_common)
    _e2e                                     0x08001475   Thumb Code   198  btod.o(CL$$btod_e2e)
    _btod_ediv                               0x0800153b   Thumb Code    40  btod.o(CL$$btod_ediv)
    _btod_emul                               0x08001563   Thumb Code    40  btod.o(CL$$btod_emul)
    __btod_mult_common                       0x0800158b   Thumb Code   580  btod.o(CL$$btod_mult_common)
    BusFault_Handler                         0x08001815   Thumb Code     4  stm32f1xx_it.o(i.BusFault_Handler)
    Chassis_Init                             0x08001939   Thumb Code    20  chassis.o(i.Chassis_Init)
    Chassis_RunStrafeLeftPID                 0x08001991   Thumb Code    52  chassis.o(i.Chassis_RunStrafeLeftPID)
    Chassis_RunStraightPID                   0x080019c5   Thumb Code    52  chassis.o(i.Chassis_RunStraightPID)
    Chassis_RunTurnLeft180                   0x080019f9   Thumb Code   114  chassis.o(i.Chassis_RunTurnLeft180)
    Chassis_StartTurnLeft180                 0x08001ae1   Thumb Code    34  chassis.o(i.Chassis_StartTurnLeft180)
    Chassis_Stop                             0x08001b19   Thumb Code    24  chassis.o(i.Chassis_Stop)
    Chassis_TurnLeft_OpenLoop                0x08001b35   Thumb Code    28  chassis.o(i.Chassis_TurnLeft_OpenLoop)
    DMA2_Channel1_IRQHandler                 0x08001bc5   Thumb Code    10  stm32f1xx_it.o(i.DMA2_Channel1_IRQHandler)
    DebugMon_Handler                         0x08001c01   Thumb Code     2  stm32f1xx_it.o(i.DebugMon_Handler)
    EXTI4_IRQHandler                         0x08001c03   Thumb Code    10  stm32f1xx_it.o(i.EXTI4_IRQHandler)
    EXTI9_5_IRQHandler                       0x08001c0d   Thumb Code    10  stm32f1xx_it.o(i.EXTI9_5_IRQHandler)
    Error_Handler                            0x08001cb1   Thumb Code     6  main.o(i.Error_Handler)
    HAL_DMA_Abort                            0x08001cb7   Thumb Code    86  stm32f1xx_hal_dma.o(i.HAL_DMA_Abort)
    HAL_DMA_Abort_IT                         0x08001d0d   Thumb Code   414  stm32f1xx_hal_dma.o(i.HAL_DMA_Abort_IT)
    HAL_DMA_DeInit                           0x08001eb5   Thumb Code   132  stm32f1xx_hal_dma.o(i.HAL_DMA_DeInit)
    HAL_DMA_IRQHandler                       0x08001f41   Thumb Code   910  stm32f1xx_hal_dma.o(i.HAL_DMA_IRQHandler)
    HAL_DMA_Init                             0x080022d9   Thumb Code   132  stm32f1xx_hal_dma.o(i.HAL_DMA_Init)
    HAL_DMA_Start_IT                         0x08002365   Thumb Code   156  stm32f1xx_hal_dma.o(i.HAL_DMA_Start_IT)
    HAL_Delay                                0x08002401   Thumb Code    36  stm32f1xx_hal.o(i.HAL_Delay)
    HAL_GPIO_EXTI_Callback                   0x08002429   Thumb Code    24  stm32f1xx_it.o(i.HAL_GPIO_EXTI_Callback)
    HAL_GPIO_EXTI_IRQHandler                 0x08002449   Thumb Code    24  stm32f1xx_hal_gpio.o(i.HAL_GPIO_EXTI_IRQHandler)
    HAL_GPIO_Init                            0x08002465   Thumb Code   792  stm32f1xx_hal_gpio.o(i.HAL_GPIO_Init)
    HAL_GPIO_WritePin                        0x080027a5   Thumb Code    12  stm32f1xx_hal_gpio.o(i.HAL_GPIO_WritePin)
    HAL_GetTick                              0x080027b1   Thumb Code     6  stm32f1xx_hal.o(i.HAL_GetTick)
    HAL_I2C_Init                             0x080027bd   Thumb Code   446  stm32f1xx_hal_i2c.o(i.HAL_I2C_Init)
    HAL_I2C_Mem_Read                         0x0800298d   Thumb Code   868  stm32f1xx_hal_i2c.o(i.HAL_I2C_Mem_Read)
    HAL_I2C_Mem_Write                        0x08002d01   Thumb Code   348  stm32f1xx_hal_i2c.o(i.HAL_I2C_Mem_Write)
    HAL_I2C_MspInit                          0x08002e65   Thumb Code   210  i2c.o(i.HAL_I2C_MspInit)
    HAL_IncTick                              0x08002f4d   Thumb Code    16  stm32f1xx_hal.o(i.HAL_IncTick)
    HAL_Init                                 0x08002f65   Thumb Code    34  stm32f1xx_hal.o(i.HAL_Init)
    HAL_InitTick                             0x08002f8d   Thumb Code   158  stm32f1xx_hal_timebase_tim.o(i.HAL_InitTick)
    HAL_MspInit                              0x08003041   Thumb Code    86  stm32f1xx_hal_msp.o(i.HAL_MspInit)
    HAL_NVIC_DisableIRQ                      0x080030a1   Thumb Code    62  stm32f1xx_hal_cortex.o(i.HAL_NVIC_DisableIRQ)
    HAL_NVIC_EnableIRQ                       0x080030e5   Thumb Code    32  stm32f1xx_hal_cortex.o(i.HAL_NVIC_EnableIRQ)
    HAL_NVIC_SetPriority                     0x08003105   Thumb Code   124  stm32f1xx_hal_cortex.o(i.HAL_NVIC_SetPriority)
    HAL_NVIC_SetPriorityGrouping             0x08003181   Thumb Code    32  stm32f1xx_hal_cortex.o(i.HAL_NVIC_SetPriorityGrouping)
    HAL_RCC_ClockConfig                      0x080031a9   Thumb Code   376  stm32f1xx_hal_rcc.o(i.HAL_RCC_ClockConfig)
    HAL_RCC_GetClockConfig                   0x08003335   Thumb Code    58  stm32f1xx_hal_rcc.o(i.HAL_RCC_GetClockConfig)
    HAL_RCC_GetHCLKFreq                      0x08003379   Thumb Code     6  stm32f1xx_hal_rcc.o(i.HAL_RCC_GetHCLKFreq)
    HAL_RCC_GetPCLK1Freq                     0x08003385   Thumb Code    22  stm32f1xx_hal_rcc.o(i.HAL_RCC_GetPCLK1Freq)
    HAL_RCC_GetPCLK2Freq                     0x080033a5   Thumb Code    22  stm32f1xx_hal_rcc.o(i.HAL_RCC_GetPCLK2Freq)
    HAL_RCC_GetSysClockFreq                  0x080033c5   Thumb Code    92  stm32f1xx_hal_rcc.o(i.HAL_RCC_GetSysClockFreq)
    HAL_RCC_OscConfig                        0x08003435   Thumb Code  1114  stm32f1xx_hal_rcc.o(i.HAL_RCC_OscConfig)
    HAL_TIMEx_BreakCallback                  0x08003899   Thumb Code     2  stm32f1xx_hal_tim_ex.o(i.HAL_TIMEx_BreakCallback)
    HAL_TIMEx_CommutCallback                 0x0800389b   Thumb Code     2  stm32f1xx_hal_tim_ex.o(i.HAL_TIMEx_CommutCallback)
    HAL_TIMEx_ConfigBreakDeadTime            0x0800389d   Thumb Code   116  stm32f1xx_hal_tim_ex.o(i.HAL_TIMEx_ConfigBreakDeadTime)
    HAL_TIMEx_MasterConfigSynchronization    0x08003911   Thumb Code   134  stm32f1xx_hal_tim_ex.o(i.HAL_TIMEx_MasterConfigSynchronization)
    HAL_TIM_Base_DeInit                      0x080039ad   Thumb Code   120  stm32f1xx_hal_tim.o(i.HAL_TIM_Base_DeInit)
    HAL_TIM_Base_Init                        0x08003a25   Thumb Code   102  stm32f1xx_hal_tim.o(i.HAL_TIM_Base_Init)
    HAL_TIM_Base_MspDeInit                   0x08003a8d   Thumb Code    72  tim.o(i.HAL_TIM_Base_MspDeInit)
    HAL_TIM_Base_MspInit                     0x08003ae1   Thumb Code   176  tim.o(i.HAL_TIM_Base_MspInit)
    HAL_TIM_Base_Start_IT                    0x08003ba5   Thumb Code   122  stm32f1xx_hal_tim.o(i.HAL_TIM_Base_Start_IT)
    HAL_TIM_ConfigClockSource                0x08003c35   Thumb Code   268  stm32f1xx_hal_tim.o(i.HAL_TIM_ConfigClockSource)
    HAL_TIM_Encoder_Init                     0x08003d41   Thumb Code   196  stm32f1xx_hal_tim.o(i.HAL_TIM_Encoder_Init)
    HAL_TIM_Encoder_MspInit                  0x08003e05   Thumb Code   482  tim.o(i.HAL_TIM_Encoder_MspInit)
    HAL_TIM_Encoder_Start                    0x08004005   Thumb Code   204  stm32f1xx_hal_tim.o(i.HAL_TIM_Encoder_Start)
    HAL_TIM_ErrorCallback                    0x080040d1   Thumb Code     2  stm32f1xx_hal_tim.o(i.HAL_TIM_ErrorCallback)
    HAL_TIM_IC_CaptureCallback               0x080040d3   Thumb Code     2  stm32f1xx_hal_tim.o(i.HAL_TIM_IC_CaptureCallback)
    HAL_TIM_IRQHandler                       0x080040d5   Thumb Code   364  stm32f1xx_hal_tim.o(i.HAL_TIM_IRQHandler)
    HAL_TIM_MspPostInit                      0x08004241   Thumb Code   174  tim.o(i.HAL_TIM_MspPostInit)
    HAL_TIM_OC_DelayElapsedCallback          0x08004309   Thumb Code     2  stm32f1xx_hal_tim.o(i.HAL_TIM_OC_DelayElapsedCallback)
    HAL_TIM_PWM_ConfigChannel                0x0800430b   Thumb Code   260  stm32f1xx_hal_tim.o(i.HAL_TIM_PWM_ConfigChannel)
    HAL_TIM_PWM_Init                         0x0800440f   Thumb Code   102  stm32f1xx_hal_tim.o(i.HAL_TIM_PWM_Init)
    HAL_TIM_PWM_MspInit                      0x08004475   Thumb Code     2  stm32f1xx_hal_tim.o(i.HAL_TIM_PWM_MspInit)
    HAL_TIM_PWM_PulseFinishedCallback        0x08004479   Thumb Code    28  ws2812b.o(i.HAL_TIM_PWM_PulseFinishedCallback)
    HAL_TIM_PWM_PulseFinishedHalfCpltCallback 0x08004499   Thumb Code     2  stm32f1xx_hal_tim.o(i.HAL_TIM_PWM_PulseFinishedHalfCpltCallback)
    HAL_TIM_PWM_Start                        0x0800449d   Thumb Code   222  stm32f1xx_hal_tim.o(i.HAL_TIM_PWM_Start)
    HAL_TIM_PWM_Start_DMA                    0x08004591   Thumb Code   530  stm32f1xx_hal_tim.o(i.HAL_TIM_PWM_Start_DMA)
    HAL_TIM_PWM_Stop                         0x080047c5   Thumb Code   160  stm32f1xx_hal_tim.o(i.HAL_TIM_PWM_Stop)
    HAL_TIM_PWM_Stop_DMA                     0x0800486d   Thumb Code   268  stm32f1xx_hal_tim.o(i.HAL_TIM_PWM_Stop_DMA)
    HAL_TIM_PeriodElapsedCallback            0x08004981   Thumb Code    18  main.o(i.HAL_TIM_PeriodElapsedCallback)
    HAL_TIM_TriggerCallback                  0x08004999   Thumb Code     2  stm32f1xx_hal_tim.o(i.HAL_TIM_TriggerCallback)
    HAL_UARTEx_ReceiveToIdle_IT              0x0800499b   Thumb Code   114  stm32f1xx_hal_uart.o(i.HAL_UARTEx_ReceiveToIdle_IT)
    HAL_UARTEx_RxEventCallback               0x08004a0d   Thumb Code    40  freertos.o(i.HAL_UARTEx_RxEventCallback)
    HAL_UART_ErrorCallback                   0x08004a59   Thumb Code     2  stm32f1xx_hal_uart.o(i.HAL_UART_ErrorCallback)
    HAL_UART_IRQHandler                      0x08004a5d   Thumb Code   736  stm32f1xx_hal_uart.o(i.HAL_UART_IRQHandler)
    HAL_UART_Init                            0x08004d41   Thumb Code   118  stm32f1xx_hal_uart.o(i.HAL_UART_Init)
    HAL_UART_MspInit                         0x08004db9   Thumb Code   630  usart.o(i.HAL_UART_MspInit)
    HAL_UART_RxCpltCallback                  0x08005059   Thumb Code     2  stm32f1xx_hal_uart.o(i.HAL_UART_RxCpltCallback)
    HAL_UART_Transmit                        0x0800505b   Thumb Code   190  stm32f1xx_hal_uart.o(i.HAL_UART_Transmit)
    HAL_UART_TxCpltCallback                  0x08005119   Thumb Code     2  stm32f1xx_hal_uart.o(i.HAL_UART_TxCpltCallback)
    HWT101_GetValue                          0x0800511d   Thumb Code   234  hwt101.o(i.HWT101_GetValue)
    HWT101_Init                              0x08005225   Thumb Code    36  hwt101.o(i.HWT101_Init)
    HardFault_Handler                        0x08005259   Thumb Code     4  stm32f1xx_it.o(i.HardFault_Handler)
    IICreadBytes                             0x080057ed   Thumb Code    42  hwt101.o(i.IICreadBytes)
    IICwriteBytes                            0x0800581d   Thumb Code    42  hwt101.o(i.IICwriteBytes)
    MX_DMA_Init                              0x0800584d   Thumb Code    48  dma.o(i.MX_DMA_Init)
    MX_FREERTOS_Init                         0x08005881   Thumb Code   174  freertos.o(i.MX_FREERTOS_Init)
    MX_GPIO_Init                             0x08005951   Thumb Code   478  gpio.o(i.MX_GPIO_Init)
    MX_I2C1_Init                             0x08005b4d   Thumb Code    48  i2c.o(i.MX_I2C1_Init)
    MX_I2C2_Init                             0x08005b89   Thumb Code    48  i2c.o(i.MX_I2C2_Init)
    MX_TIM1_Init                             0x08005bc5   Thumb Code   254  tim.o(i.MX_TIM1_Init)
    MX_TIM2_Init                             0x08005ccd   Thumb Code   116  tim.o(i.MX_TIM2_Init)
    MX_TIM3_Init                             0x08005d45   Thumb Code   114  tim.o(i.MX_TIM3_Init)
    MX_TIM4_Init                             0x08005dc1   Thumb Code   114  tim.o(i.MX_TIM4_Init)
    MX_TIM5_Init                             0x08005e3d   Thumb Code   114  tim.o(i.MX_TIM5_Init)
    MX_TIM8_Init                             0x08005eb9   Thumb Code   224  tim.o(i.MX_TIM8_Init)
    MX_TIM8_Servo_Init                       0x08005fa1   Thumb Code   160  tim.o(i.MX_TIM8_Servo_Init)
    MX_UART4_Init                            0x08006049   Thumb Code    46  usart.o(i.MX_UART4_Init)
    MX_UART5_Init                            0x08006081   Thumb Code    46  usart.o(i.MX_UART5_Init)
    MX_USART1_UART_Init                      0x080060b9   Thumb Code    46  usart.o(i.MX_USART1_UART_Init)
    MX_USART2_UART_Init                      0x080060f1   Thumb Code    46  usart.o(i.MX_USART2_UART_Init)
    MX_USART3_UART_Init                      0x08006129   Thumb Code    46  usart.o(i.MX_USART3_UART_Init)
    MemManage_Handler                        0x08006161   Thumb Code     4  stm32f1xx_it.o(i.MemManage_Handler)
    Motor_Init                               0x08006215   Thumb Code    40  motor.o(i.Motor_Init)
    Motor_SetPWM                             0x08006241   Thumb Code    88  motor.o(i.Motor_SetPWM)
    Motor_Stop                               0x080062a1   Thumb Code    16  motor.o(i.Motor_Stop)
    Motor_TurnLeft                           0x080062b1   Thumb Code    22  motor.o(i.Motor_TurnLeft)
    NMI_Handler                              0x080062c7   Thumb Code     4  stm32f1xx_it.o(i.NMI_Handler)
    Read_Encoder_TIM2                        0x080062f5   Thumb Code    22  encoder.o(i.Read_Encoder_TIM2)
    Read_Encoder_TIM3                        0x08006311   Thumb Code    18  encoder.o(i.Read_Encoder_TIM3)
    Read_Encoder_TIM4                        0x0800632d   Thumb Code    18  encoder.o(i.Read_Encoder_TIM4)
    Read_Encoder_TIM5                        0x08006349   Thumb Code    18  encoder.o(i.Read_Encoder_TIM5)
    Robot_VisionProtocol_Poll                0x080066dd   Thumb Code   456  freertos.o(i.Robot_VisionProtocol_Poll)
    Servo_Close                              0x08006ad5   Thumb Code    14  servo.o(i.Servo_Close)
    Servo_Open                               0x08006ae3   Thumb Code    14  servo.o(i.Servo_Open)
    Servo_SetAngle                           0x08006af1   Thumb Code    26  servo.o(i.Servo_SetAngle)
    StartCommTask                            0x08006b11   Thumb Code    18  freertos.o(i.StartCommTask)
    StartEncoderTask                         0x08006b25   Thumb Code   106  freertos.o(i.StartEncoderTask)
    StartIMUTask                             0x08006be1   Thumb Code    44  freertos.o(i.StartIMUTask)
    StartLedTask                             0x08006c25   Thumb Code   528  freertos.o(i.StartLedTask)
    StartMotorTask                           0x08006e3d   Thumb Code   740  freertos.o(i.StartMotorTask)
    StartSensorTask                          0x08007179   Thumb Code    10  freertos.o(i.StartSensorTask)
    StartServoTask                           0x08007185   Thumb Code   126  freertos.o(i.StartServoTask)
    SysTick_Handler                          0x08007261   Thumb Code    46  port.o(i.SysTick_Handler)
    SystemClock_Config                       0x08007295   Thumb Code   102  main.o(i.SystemClock_Config)
    SystemInit                               0x080072fb   Thumb Code     2  system_stm32f1xx.o(i.SystemInit)
    TIM1_UP_IRQHandler                       0x080072fd   Thumb Code    10  stm32f1xx_it.o(i.TIM1_UP_IRQHandler)
    TIM3_IRQHandler                          0x0800730d   Thumb Code    10  stm32f1xx_it.o(i.TIM3_IRQHandler)
    TIM4_IRQHandler                          0x0800731d   Thumb Code    10  stm32f1xx_it.o(i.TIM4_IRQHandler)
    TIM5_IRQHandler                          0x0800732d   Thumb Code    10  stm32f1xx_it.o(i.TIM5_IRQHandler)
    TIM6_IRQHandler                          0x0800733d   Thumb Code    10  stm32f1xx_it.o(i.TIM6_IRQHandler)
    TIM8_SwitchToServo                       0x0800734d   Thumb Code    30  servo.o(i.TIM8_SwitchToServo)
    TIM8_SwitchToWs2812                      0x08007371   Thumb Code    38  ws2812b.o(i.TIM8_SwitchToWs2812)
    TIM8_UP_IRQHandler                       0x0800739d   Thumb Code    10  stm32f1xx_it.o(i.TIM8_UP_IRQHandler)
    TIM_Base_SetConfig                       0x080073ad   Thumb Code   150  stm32f1xx_hal_tim.o(i.TIM_Base_SetConfig)
    TIM_CCxChannelCmd                        0x08007459   Thumb Code    34  stm32f1xx_hal_tim.o(i.TIM_CCxChannelCmd)
    TIM_DMADelayPulseHalfCplt                0x080074e3   Thumb Code    64  stm32f1xx_hal_tim.o(i.TIM_DMADelayPulseHalfCplt)
    TIM_DMAError                             0x08007523   Thumb Code    94  stm32f1xx_hal_tim.o(i.TIM_DMAError)
    TIM_ETR_SetConfig                        0x08007581   Thumb Code    22  stm32f1xx_hal_tim.o(i.TIM_ETR_SetConfig)
    TIM_OC2_SetConfig                        0x08007619   Thumb Code   114  stm32f1xx_hal_tim.o(i.TIM_OC2_SetConfig)
    UART_Start_Receive_IT                    0x08007a49   Thumb Code    64  stm32f1xx_hal_uart.o(i.UART_Start_Receive_IT)
    USART1_IRQHandler                        0x08007b75   Thumb Code    10  stm32f1xx_it.o(i.USART1_IRQHandler)
    USART2_IRQHandler                        0x08007b85   Thumb Code    10  stm32f1xx_it.o(i.USART2_IRQHandler)
    USART3_IRQHandler                        0x08007b95   Thumb Code    10  stm32f1xx_it.o(i.USART3_IRQHandler)
    UsageFault_Handler                       0x08007ba5   Thumb Code     4  stm32f1xx_it.o(i.UsageFault_Handler)
    WS2812_Clear                             0x08007cc9   Thumb Code    14  ws2812b.o(i.WS2812_Clear)
    WS2812_Init                              0x08007cd9   Thumb Code    46  ws2812b.o(i.WS2812_Init)
    WS2812_Send                              0x08007d15   Thumb Code    50  ws2812b.o(i.WS2812_Send)
    WS2812_SetAll                            0x08007d51   Thumb Code    54  ws2812b.o(i.WS2812_SetAll)
    WS2812_SetLED                            0x08007d8d   Thumb Code    52  ws2812b.o(i.WS2812_SetLED)
    WitDelayMsRegister                       0x08007e6d   Thumb Code    18  wit_c_sdk.o(i.WitDelayMsRegister)
    WitI2cFuncRegister                       0x08007e85   Thumb Code    30  wit_c_sdk.o(i.WitI2cFuncRegister)
    WitInit                                  0x08007ead   Thumb Code    30  wit_c_sdk.o(i.WitInit)
    WitReadReg                               0x08007ed9   Thumb Code   424  wit_c_sdk.o(i.WitReadReg)
    WitRegisterCallBack                      0x080080a5   Thumb Code    18  wit_c_sdk.o(i.WitRegisterCallBack)
    __ARM_fpclassify                         0x080080bd   Thumb Code    40  fpclassify.o(i.__ARM_fpclassify)
    _is_digit                                0x08008155   Thumb Code    14  __printf_wp.o(i._is_digit)
    _sys_exit                                0x08008163   Thumb Code     2  usart.o(i._sys_exit)
    fputc                                    0x08008171   Thumb Code    20  usart.o(i.fputc)
    main                                     0x08008189   Thumb Code   162  main.o(i.main)
    osDelay                                  0x0800825f   Thumb Code    24  cmsis_os.o(i.osDelay)
    osKernelStart                            0x08008277   Thumb Code    10  cmsis_os.o(i.osKernelStart)
    osThreadCreate                           0x08008281   Thumb Code    94  cmsis_os.o(i.osThreadCreate)
    pvPortMalloc                             0x08008761   Thumb Code   306  heap_4.o(i.pvPortMalloc)
    pxPortInitialiseStack                    0x080088ad   Thumb Code    30  port.o(i.pxPortInitialiseStack)
    uxListRemove                             0x080088d1   Thumb Code    40  list.o(i.uxListRemove)
    vApplicationGetIdleTaskMemory            0x080088f9   Thumb Code    16  freertos.o(i.vApplicationGetIdleTaskMemory)
    vListInitialise                          0x08008911   Thumb Code    26  list.o(i.vListInitialise)
    vListInitialiseItem                      0x0800892b   Thumb Code     6  list.o(i.vListInitialiseItem)
    vListInsert                              0x08008931   Thumb Code    52  list.o(i.vListInsert)
    vListInsertEnd                           0x08008965   Thumb Code    24  list.o(i.vListInsertEnd)
    vPortEnterCritical                       0x0800897d   Thumb Code    76  port.o(i.vPortEnterCritical)
    vPortExitCritical                        0x080089d1   Thumb Code    56  port.o(i.vPortExitCritical)
    vPortFree                                0x08008a0d   Thumb Code   150  heap_4.o(i.vPortFree)
    vPortSetupTimerInterrupt                 0x08008ab1   Thumb Code    36  port.o(i.vPortSetupTimerInterrupt)
    vTaskDelay                               0x08008ad9   Thumb Code    82  tasks.o(i.vTaskDelay)
    vTaskStartScheduler                      0x08008b35   Thumb Code   146  tasks.o(i.vTaskStartScheduler)
    vTaskSuspendAll                          0x08008be5   Thumb Code    12  tasks.o(i.vTaskSuspendAll)
    vTaskSwitchContext                       0x08008bf5   Thumb Code   118  tasks.o(i.vTaskSwitchContext)
    xPortStartScheduler                      0x08008c81   Thumb Code   228  port.o(i.xPortStartScheduler)
    xTaskCreate                              0x08008d79   Thumb Code   100  tasks.o(i.xTaskCreate)
    xTaskCreateStatic                        0x08008ddd   Thumb Code   186  tasks.o(i.xTaskCreateStatic)
    xTaskIncrementTick                       0x08008e99   Thumb Code   282  tasks.o(i.xTaskIncrementTick)
    xTaskResumeAll                           0x08008fe1   Thumb Code   224  tasks.o(i.xTaskResumeAll)
    _get_lc_ctype                            0x080090e5   Thumb Code    44  lc_ctype_c.o(locale$$code)
    _get_lc_numeric                          0x08009111   Thumb Code    44  lc_numeric_c.o(locale$$code)
    __fpl_dretinf                            0x0800913d   Thumb Code    12  dretinf.o(x$fpl$dretinf)
    __aeabi_f2d                              0x08009149   Thumb Code     0  f2d.o(x$fpl$f2d)
    _f2d                                     0x08009149   Thumb Code    86  f2d.o(x$fpl$f2d)
    __aeabi_fadd                             0x080091a1   Thumb Code     0  faddsub_clz.o(x$fpl$fadd)
    _fadd                                    0x080091a1   Thumb Code   196  faddsub_clz.o(x$fpl$fadd)
    __fpl_fcmp_Inf                           0x08009265   Thumb Code    24  fcmpi.o(x$fpl$fcmpinf)
    __aeabi_fdiv                             0x0800927d   Thumb Code     0  fdiv.o(x$fpl$fdiv)
    _fdiv                                    0x0800927d   Thumb Code   384  fdiv.o(x$fpl$fdiv)
    __aeabi_f2iz                             0x08009401   Thumb Code     0  ffix.o(x$fpl$ffix)
    _ffix                                    0x08009401   Thumb Code    54  ffix.o(x$fpl$ffix)
    __aeabi_f2uiz                            0x08009439   Thumb Code     0  ffixu.o(x$fpl$ffixu)
    _ffixu                                   0x08009439   Thumb Code    62  ffixu.o(x$fpl$ffixu)
    __aeabi_i2f                              0x08009479   Thumb Code     0  fflt_clz.o(x$fpl$fflt)
    _fflt                                    0x08009479   Thumb Code    48  fflt_clz.o(x$fpl$fflt)
    __aeabi_ui2f                             0x080094a9   Thumb Code     0  fflt_clz.o(x$fpl$ffltu)
    _ffltu                                   0x080094a9   Thumb Code    38  fflt_clz.o(x$fpl$ffltu)
    __aeabi_cfcmple                          0x080094d1   Thumb Code     0  fleqf.o(x$fpl$fleqf)
    _fcmple                                  0x080094d1   Thumb Code   104  fleqf.o(x$fpl$fleqf)
    __fpl_fcmple_InfNaN                      0x08009523   Thumb Code     0  fleqf.o(x$fpl$fleqf)
    __aeabi_fmul                             0x08009539   Thumb Code     0  fmul.o(x$fpl$fmul)
    _fmul                                    0x08009539   Thumb Code   258  fmul.o(x$fpl$fmul)
    __fpl_fnaninf                            0x0800963b   Thumb Code   140  fnaninf.o(x$fpl$fnaninf)
    __fpl_fretinf                            0x080096c7   Thumb Code    10  fretinf.o(x$fpl$fretinf)
    __aeabi_cfrcmple                         0x080096d1   Thumb Code     0  frleqf.o(x$fpl$frleqf)
    _frcmple                                 0x080096d1   Thumb Code    98  frleqf.o(x$fpl$frleqf)
    __aeabi_fsub                             0x08009735   Thumb Code     0  faddsub_clz.o(x$fpl$fsub)
    _fsub                                    0x08009735   Thumb Code   234  faddsub_clz.o(x$fpl$fsub)
    _printf_fp_dec                           0x0800981f   Thumb Code     4  printf1.o(x$fpl$printf1)
    __I$use$fp                               0x08009822   Number         0  usenofp.o(x$fpl$usenofp)
    AHBPrescTable                            0x08009b02   Data          16  system_stm32f1xx.o(.constdata)
    APBPrescTable                            0x08009b12   Data           8  system_stm32f1xx.o(.constdata)
    Region$$Table$$Base                      0x08009bfc   Number         0  anon$$obj.o(Region$$Table)
    Region$$Table$$Limit                     0x08009c1c   Number         0  anon$$obj.o(Region$$Table)
    __ctype                                  0x08009c29   Data           0  lc_ctype_c.o(locale$$data)
    g_vision_detect_min_count                0x2000003a   Data           2  main.o(.data)
    g_vision_raw_trigger                     0x2000003c   Data           2  main.o(.data)
    g_vision_smooth_trigger                  0x2000003e   Data           2  main.o(.data)
    g_vision_decision_trigger                0x20000040   Data           2  main.o(.data)
    g_push_distance_divisor                  0x20000042   Data           2  main.o(.data)
    g_push_distance_min_mm                   0x20000044   Data           2  main.o(.data)
    g_enc1                                   0x20000048   Data           4  freertos.o(.data)
    g_enc2                                   0x2000004c   Data           4  freertos.o(.data)
    g_enc3                                   0x20000050   Data           4  freertos.o(.data)
    g_enc4                                   0x20000054   Data           4  freertos.o(.data)
    g_target_speed                           0x20000058   Data           8  freertos.o(.data)
    g_robot_state                            0x20000060   Data           1  freertos.o(.data)
    g_vision_detected                        0x20000061   Data           1  freertos.o(.data)
    g_vision_position                        0x20000062   Data           1  freertos.o(.data)
    g_vision_distance                        0x20000064   Data           2  freertos.o(.data)
    g_vision_smooth                          0x20000066   Data           2  freertos.o(.data)
    g_vision_raw                             0x20000068   Data           2  freertos.o(.data)
    g_vision_decision                        0x2000006a   Data           2  freertos.o(.data)
    g_target_forward_mm                      0x2000006c   Data           2  freertos.o(.data)
    g_forward_progress_mm                    0x2000006e   Data           2  freertos.o(.data)
    g_close_reason                           0x20000070   Data           1  freertos.o(.data)
    g_bumper_left                            0x20000071   Data           1  freertos.o(.data)
    g_bumper_right                           0x20000072   Data           1  freertos.o(.data)
    g_grab_switch_front                      0x20000073   Data           1  freertos.o(.data)
    g_front_switch_triggered                 0x20000074   Data           1  freertos.o(.data)
    g_dist_left                              0x20000076   Data           2  freertos.o(.data)
    g_dist_top                               0x20000078   Data           2  freertos.o(.data)
    g_dist_front                             0x2000007a   Data           2  freertos.o(.data)
    g_dist_right                             0x2000007c   Data           2  freertos.o(.data)
    g_top_inside_ref                         0x2000007e   Data           2  freertos.o(.data)
    g_exit_confirmed                         0x20000080   Data           1  freertos.o(.data)
    g_state_timer                            0x20000084   Data           4  freertos.o(.data)
    g_servo_cmd                              0x20000088   Data           1  freertos.o(.data)
    g_servo_busy                             0x20000089   Data           1  freertos.o(.data)
    MotorTaskHandle                          0x20000094   Data           4  freertos.o(.data)
    EncoderTaskHandle                        0x20000098   Data           4  freertos.o(.data)
    IMUTaskHandle                            0x2000009c   Data           4  freertos.o(.data)
    SensorTaskHandle                         0x200000a0   Data           4  freertos.o(.data)
    ServoTaskHandle                          0x200000a4   Data           4  freertos.o(.data)
    LedTaskHandle                            0x200000a8   Data           4  freertos.o(.data)
    CommTaskHandle                           0x200000ac   Data           4  freertos.o(.data)
    __stdout                                 0x200000b8   Data           4  usart.o(.data)
    uwTick                                   0x200000bc   Data           4  stm32f1xx_hal.o(.data)
    uwTickPrio                               0x200000c0   Data           4  stm32f1xx_hal.o(.data)
    uwTickFreq                               0x200000c4   Data           1  stm32f1xx_hal.o(.data)
    SystemCoreClock                          0x200000c8   Data           4  system_stm32f1xx.o(.data)
    pxCurrentTCB                             0x200000cc   Data           4  tasks.o(.data)
    sReg                                     0x2000090e   Data         288  wit_c_sdk.o(.bss)
    fAcc                                     0x20000a30   Data          12  hwt101.o(.bss)
    fGyro                                    0x20000a3c   Data          12  hwt101.o(.bss)
    fAngle                                   0x20000a48   Data          12  hwt101.o(.bss)
    hi2c1                                    0x20000f28   Data          84  i2c.o(.bss)
    hi2c2                                    0x20000f7c   Data          84  i2c.o(.bss)
    htim1                                    0x20000fd0   Data          72  tim.o(.bss)
    htim2                                    0x20001018   Data          72  tim.o(.bss)
    htim3                                    0x20001060   Data          72  tim.o(.bss)
    htim4                                    0x200010a8   Data          72  tim.o(.bss)
    htim5                                    0x200010f0   Data          72  tim.o(.bss)
    htim8                                    0x20001138   Data          72  tim.o(.bss)
    hdma_tim8_ch3_up                         0x20001180   Data          68  tim.o(.bss)
    huart4                                   0x200011c4   Data          72  usart.o(.bss)
    huart5                                   0x2000120c   Data          72  usart.o(.bss)
    huart1                                   0x20001254   Data          72  usart.o(.bss)
    huart2                                   0x2000129c   Data          72  usart.o(.bss)
    huart3                                   0x200012e4   Data          72  usart.o(.bss)
    htim6                                    0x2000132c   Data          72  stm32f1xx_hal_timebase_tim.o(.bss)
    __libspace_start                         0x20006284   Data          96  libspace.o(.bss)
    __temporary_stack_top$libspace           0x200062e4   Data           0  libspace.o(.bss)



==============================================================================

Memory Map of the image

  Image Entry point : 0x08000131

  Load Region LR_IROM1 (Base: 0x08000000, Size: 0x00009e7c, Max: 0x00080000, ABSOLUTE, COMPRESSED[0x00009d70])

    Execution Region ER_IROM1 (Base: 0x08000000, Size: 0x00009d48, Max: 0x00080000, ABSOLUTE)

    Base Addr    Size         Type   Attr      Idx    E Section Name        Object

    0x08000000   0x00000130   Data   RO         6078    RESET               startup_stm32f103xe.o
    0x08000130   0x00000008   Code   RO         6167  * !!!main             c_w.l(__main.o)
    0x08000138   0x00000034   Code   RO         6465    !!!scatter          c_w.l(__scatter.o)
    0x0800016c   0x0000005a   Code   RO         6463    !!dczerorl2         c_w.l(__dczerorl2.o)
    0x080001c6   0x00000002   PAD
    0x080001c8   0x0000001c   Code   RO         6467    !!handler_zi        c_w.l(__scatter_zi.o)
    0x080001e4   0x00000000   Code   RO         6144    .ARM.Collect$$_printf_percent$$00000000  c_w.l(_printf_percent.o)
    0x080001e4   0x00000006   Code   RO         6143    .ARM.Collect$$_printf_percent$$00000003  c_w.l(_printf_f.o)
    0x080001ea   0x00000006   Code   RO         6141    .ARM.Collect$$_printf_percent$$00000009  c_w.l(_printf_d.o)
    0x080001f0   0x00000006   Code   RO         6142    .ARM.Collect$$_printf_percent$$0000000A  c_w.l(_printf_u.o)
    0x080001f6   0x00000006   Code   RO         6140    .ARM.Collect$$_printf_percent$$00000014  c_w.l(_printf_s.o)
    0x080001fc   0x00000004   Code   RO         6239    .ARM.Collect$$_printf_percent$$00000017  c_w.l(_printf_percent_end.o)
    0x08000200   0x00000002   Code   RO         6340    .ARM.Collect$$libinit$$00000000  c_w.l(libinit.o)
    0x08000202   0x00000000   Code   RO         6342    .ARM.Collect$$libinit$$00000002  c_w.l(libinit2.o)
    0x08000202   0x00000000   Code   RO         6344    .ARM.Collect$$libinit$$00000004  c_w.l(libinit2.o)
    0x08000202   0x00000000   Code   RO         6347    .ARM.Collect$$libinit$$0000000A  c_w.l(libinit2.o)
    0x08000202   0x00000000   Code   RO         6349    .ARM.Collect$$libinit$$0000000C  c_w.l(libinit2.o)
    0x08000202   0x00000000   Code   RO         6351    .ARM.Collect$$libinit$$0000000E  c_w.l(libinit2.o)
    0x08000202   0x00000006   Code   RO         6352    .ARM.Collect$$libinit$$0000000F  c_w.l(libinit2.o)
    0x08000208   0x00000000   Code   RO         6354    .ARM.Collect$$libinit$$00000011  c_w.l(libinit2.o)
    0x08000208   0x0000000c   Code   RO         6355    .ARM.Collect$$libinit$$00000012  c_w.l(libinit2.o)
    0x08000214   0x00000000   Code   RO         6356    .ARM.Collect$$libinit$$00000013  c_w.l(libinit2.o)
    0x08000214   0x00000000   Code   RO         6358    .ARM.Collect$$libinit$$00000015  c_w.l(libinit2.o)
    0x08000214   0x0000000a   Code   RO         6359    .ARM.Collect$$libinit$$00000016  c_w.l(libinit2.o)
    0x0800021e   0x00000000   Code   RO         6360    .ARM.Collect$$libinit$$00000017  c_w.l(libinit2.o)
    0x0800021e   0x00000000   Code   RO         6362    .ARM.Collect$$libinit$$00000019  c_w.l(libinit2.o)
    0x0800021e   0x00000000   Code   RO         6364    .ARM.Collect$$libinit$$0000001B  c_w.l(libinit2.o)
    0x0800021e   0x00000000   Code   RO         6366    .ARM.Collect$$libinit$$0000001D  c_w.l(libinit2.o)
    0x0800021e   0x00000000   Code   RO         6368    .ARM.Collect$$libinit$$0000001F  c_w.l(libinit2.o)
    0x0800021e   0x00000000   Code   RO         6370    .ARM.Collect$$libinit$$00000021  c_w.l(libinit2.o)
    0x0800021e   0x00000000   Code   RO         6372    .ARM.Collect$$libinit$$00000023  c_w.l(libinit2.o)
    0x0800021e   0x00000000   Code   RO         6374    .ARM.Collect$$libinit$$00000025  c_w.l(libinit2.o)
    0x0800021e   0x00000000   Code   RO         6378    .ARM.Collect$$libinit$$0000002C  c_w.l(libinit2.o)
    0x0800021e   0x00000000   Code   RO         6380    .ARM.Collect$$libinit$$0000002E  c_w.l(libinit2.o)
    0x0800021e   0x00000000   Code   RO         6382    .ARM.Collect$$libinit$$00000030  c_w.l(libinit2.o)
    0x0800021e   0x00000000   Code   RO         6384    .ARM.Collect$$libinit$$00000032  c_w.l(libinit2.o)
    0x0800021e   0x00000002   Code   RO         6385    .ARM.Collect$$libinit$$00000033  c_w.l(libinit2.o)
    0x08000220   0x00000002   Code   RO         6413    .ARM.Collect$$libshutdown$$00000000  c_w.l(libshutdown.o)
    0x08000222   0x00000000   Code   RO         6422    .ARM.Collect$$libshutdown$$00000002  c_w.l(libshutdown2.o)
    0x08000222   0x00000000   Code   RO         6424    .ARM.Collect$$libshutdown$$00000004  c_w.l(libshutdown2.o)
    0x08000222   0x00000000   Code   RO         6427    .ARM.Collect$$libshutdown$$00000007  c_w.l(libshutdown2.o)
    0x08000222   0x00000000   Code   RO         6430    .ARM.Collect$$libshutdown$$0000000A  c_w.l(libshutdown2.o)
    0x08000222   0x00000000   Code   RO         6432    .ARM.Collect$$libshutdown$$0000000C  c_w.l(libshutdown2.o)
    0x08000222   0x00000000   Code   RO         6435    .ARM.Collect$$libshutdown$$0000000F  c_w.l(libshutdown2.o)
    0x08000222   0x00000002   Code   RO         6436    .ARM.Collect$$libshutdown$$00000010  c_w.l(libshutdown2.o)
    0x08000224   0x00000000   Code   RO         6223    .ARM.Collect$$rtentry$$00000000  c_w.l(__rtentry.o)
    0x08000224   0x00000000   Code   RO         6261    .ARM.Collect$$rtentry$$00000002  c_w.l(__rtentry2.o)
    0x08000224   0x00000006   Code   RO         6273    .ARM.Collect$$rtentry$$00000004  c_w.l(__rtentry4.o)
    0x0800022a   0x00000000   Code   RO         6263    .ARM.Collect$$rtentry$$00000009  c_w.l(__rtentry2.o)
    0x0800022a   0x00000004   Code   RO         6264    .ARM.Collect$$rtentry$$0000000A  c_w.l(__rtentry2.o)
    0x0800022e   0x00000000   Code   RO         6266    .ARM.Collect$$rtentry$$0000000C  c_w.l(__rtentry2.o)
    0x0800022e   0x00000008   Code   RO         6267    .ARM.Collect$$rtentry$$0000000D  c_w.l(__rtentry2.o)
    0x08000236   0x00000002   Code   RO         6386    .ARM.Collect$$rtexit$$00000000  c_w.l(rtexit.o)
    0x08000238   0x00000000   Code   RO         6393    .ARM.Collect$$rtexit$$00000002  c_w.l(rtexit2.o)
    0x08000238   0x00000004   Code   RO         6394    .ARM.Collect$$rtexit$$00000003  c_w.l(rtexit2.o)
    0x0800023c   0x00000006   Code   RO         6395    .ARM.Collect$$rtexit$$00000004  c_w.l(rtexit2.o)
    0x08000242   0x00000002   PAD
    0x08000244   0x00000096   Code   RO         5999    .emb_text           port.o
    0x080002da   0x00000002   PAD
    0x080002dc   0x00000040   Code   RO         6079    .text               startup_stm32f103xe.o
    0x0800031c   0x00000002   Code   RO         6106    .text               c_w.l(use_no_semi.o)
    0x0800031e   0x00000002   PAD
    0x08000320   0x00000018   Code   RO         6112    .text               c_w.l(noretval__2printf.o)
    0x08000338   0x00000052   Code   RO         6116    .text               c_w.l(_printf_str.o)
    0x0800038a   0x00000002   PAD
    0x0800038c   0x00000078   Code   RO         6118    .text               c_w.l(_printf_dec.o)
    0x08000404   0x0000010e   Code   RO         6128    .text               c_w.l(__printf_wp.o)
    0x08000512   0x00000070   Code   RO         6145    .text               c_w.l(strtol.o)
    0x08000582   0x00000004   Code   RO         6147    .text               c_w.l(strtok_r.o)
    0x08000586   0x00000020   Code   RO         6149    .text               c_w.l(strcspn.o)
    0x080005a6   0x00000064   Code   RO         6153    .text               c_w.l(rt_memcpy_w.o)
    0x0800060a   0x00000044   Code   RO         6157    .text               c_w.l(rt_memclr.o)
    0x0800064e   0x0000004e   Code   RO         6159    .text               c_w.l(rt_memclr_w.o)
    0x0800069c   0x00000056   Code   RO         6161    .text               c_w.l(strncpy.o)
    0x080006f2   0x00000002   PAD
    0x080006f4   0x00000080   Code   RO         6163    .text               c_w.l(strcmpv7m.o)
    0x08000774   0x00000006   Code   RO         6165    .text               c_w.l(heapauxi.o)
    0x0800077a   0x00000002   PAD
    0x0800077c   0x00000010   Code   RO         6224    .text               c_w.l(rt_ctype_table.o)
    0x0800078c   0x00000008   Code   RO         6229    .text               c_w.l(rt_errno_addr_intlibspace.o)
    0x08000794   0x000000b2   Code   RO         6231    .text               c_w.l(_printf_intcommon.o)
    0x08000846   0x0000041a   Code   RO         6233    .text               c_w.l(_printf_fp_dec.o)
    0x08000c60   0x0000002c   Code   RO         6235    .text               c_w.l(_printf_char.o)
    0x08000c8c   0x00000024   Code   RO         6237    .text               c_w.l(_printf_char_file.o)
    0x08000cb0   0x0000009e   Code   RO         6240    .text               c_w.l(_strtoul.o)
    0x08000d4e   0x00000002   PAD
    0x08000d50   0x00000044   Code   RO         6242    .text               c_w.l(strtok_int.o)
    0x08000d94   0x00000008   Code   RO         6257    .text               c_w.l(libspace.o)
    0x08000d9c   0x00000008   Code   RO         6278    .text               c_w.l(rt_locale_intlibspace.o)
    0x08000da4   0x0000008a   Code   RO         6280    .text               c_w.l(lludiv10.o)
    0x08000e2e   0x00000002   PAD
    0x08000e30   0x00000030   Code   RO         6282    .text               c_w.l(_printf_char_common.o)
    0x08000e60   0x00000080   Code   RO         6284    .text               c_w.l(_printf_fp_infnan.o)
    0x08000ee0   0x0000001c   Code   RO         6286    .text               c_w.l(_chval.o)
    0x08000efc   0x000000dc   Code   RO         6288    .text               c_w.l(bigflt0.o)
    0x08000fd8   0x00000008   Code   RO         6313    .text               c_w.l(ferror.o)
    0x08000fe0   0x0000001c   Code   RO         6323    .text               c_w.l(strspn.o)
    0x08000ffc   0x0000004a   Code   RO         6329    .text               c_w.l(sys_stackheap_outer.o)
    0x08001046   0x00000012   Code   RO         6333    .text               c_w.l(exit.o)
    0x08001058   0x0000003e   Code   RO         6291    CL$$btod_d2e        c_w.l(btod.o)
    0x08001096   0x00000046   Code   RO         6293    CL$$btod_d2e_denorm_low  c_w.l(btod.o)
    0x080010dc   0x00000060   Code   RO         6292    CL$$btod_d2e_norm_op1  c_w.l(btod.o)
    0x0800113c   0x00000338   Code   RO         6301    CL$$btod_div_common  c_w.l(btod.o)
    0x08001474   0x000000c6   Code   RO         6298    CL$$btod_e2e        c_w.l(btod.o)
    0x0800153a   0x00000028   Code   RO         6295    CL$$btod_ediv       c_w.l(btod.o)
    0x08001562   0x00000028   Code   RO         6294    CL$$btod_emul       c_w.l(btod.o)
    0x0800158a   0x00000244   Code   RO         6300    CL$$btod_mult_common  c_w.l(btod.o)
    0x080017ce   0x00000002   PAD
    0x080017d0   0x00000044   Code   RO         1033    i.AutoScanSensor    hwt101.o
    0x08001814   0x00000004   Code   RO         1643    i.BusFault_Handler  stm32f1xx_it.o
    0x08001818   0x00000018   Code   RO          629    i.Chassis_AbsFloat  chassis.o
    0x08001830   0x00000024   Code   RO          630    i.Chassis_ApplySignedTrim  chassis.o
    0x08001854   0x00000028   Code   RO          632    i.Chassis_ClampFloat  chassis.o
    0x0800187c   0x00000016   Code   RO          633    i.Chassis_ClampS16  chassis.o
    0x08001892   0x00000002   PAD
    0x08001894   0x00000014   Code   RO          634    i.Chassis_ClearHeadingLock  chassis.o
    0x080018a8   0x00000090   Code   RO          635    i.Chassis_ComputeHeadingComp  chassis.o
    0x08001938   0x00000018   Code   RO          638    i.Chassis_Init      chassis.o
    0x08001950   0x00000040   Code   RO          641    i.Chassis_NormalizeAngle  chassis.o
    0x08001990   0x00000034   Code   RO          644    i.Chassis_RunStrafeLeftPID  chassis.o
    0x080019c4   0x00000034   Code   RO          646    i.Chassis_RunStraightPID  chassis.o
    0x080019f8   0x00000090   Code   RO          647    i.Chassis_RunTurnLeft180  chassis.o
    0x08001a88   0x00000058   Code   RO          649    i.Chassis_SetOpenLoopPWM  chassis.o
    0x08001ae0   0x00000038   Code   RO          651    i.Chassis_StartTurnLeft180  chassis.o
    0x08001b18   0x0000001c   Code   RO          653    i.Chassis_Stop      chassis.o
    0x08001b34   0x00000020   Code   RO          654    i.Chassis_TurnLeft_OpenLoop  chassis.o
    0x08001b54   0x00000070   Code   RO         1034    i.CopeSensorData    hwt101.o
    0x08001bc4   0x00000010   Code   RO         1644    i.DMA2_Channel1_IRQHandler  stm32f1xx_it.o
    0x08001bd4   0x0000002c   Code   RO         2267    i.DMA_SetConfig     stm32f1xx_hal_dma.o
    0x08001c00   0x00000002   Code   RO         1645    i.DebugMon_Handler  stm32f1xx_it.o
    0x08001c02   0x0000000a   Code   RO         1646    i.EXTI4_IRQHandler  stm32f1xx_it.o
    0x08001c0c   0x0000000a   Code   RO         1647    i.EXTI9_5_IRQHandler  stm32f1xx_it.o
    0x08001c16   0x00000002   PAD
    0x08001c18   0x00000098   Code   RO         1212    i.EnterState        freertos.o
    0x08001cb0   0x00000006   Code   RO         1105    i.Error_Handler     main.o
    0x08001cb6   0x00000056   Code   RO         2268    i.HAL_DMA_Abort     stm32f1xx_hal_dma.o
    0x08001d0c   0x000001a8   Code   RO         2269    i.HAL_DMA_Abort_IT  stm32f1xx_hal_dma.o
    0x08001eb4   0x0000008c   Code   RO         2270    i.HAL_DMA_DeInit    stm32f1xx_hal_dma.o
    0x08001f40   0x00000398   Code   RO         2273    i.HAL_DMA_IRQHandler  stm32f1xx_hal_dma.o
    0x080022d8   0x0000008c   Code   RO         2274    i.HAL_DMA_Init      stm32f1xx_hal_dma.o
    0x08002364   0x0000009c   Code   RO         2278    i.HAL_DMA_Start_IT  stm32f1xx_hal_dma.o
    0x08002400   0x00000028   Code   RO         1889    i.HAL_Delay         stm32f1xx_hal.o
    0x08002428   0x00000020   Code   RO         1648    i.HAL_GPIO_EXTI_Callback  stm32f1xx_it.o
    0x08002448   0x0000001c   Code   RO         2203    i.HAL_GPIO_EXTI_IRQHandler  stm32f1xx_hal_gpio.o
    0x08002464   0x00000340   Code   RO         2204    i.HAL_GPIO_Init     stm32f1xx_hal_gpio.o
    0x080027a4   0x0000000c   Code   RO         2208    i.HAL_GPIO_WritePin  stm32f1xx_hal_gpio.o
    0x080027b0   0x0000000c   Code   RO         1893    i.HAL_GetTick       stm32f1xx_hal.o
    0x080027bc   0x000001d0   Code   RO         2901    i.HAL_I2C_Init      stm32f1xx_hal_i2c.o
    0x0800298c   0x00000374   Code   RO         2919    i.HAL_I2C_Mem_Read  stm32f1xx_hal_i2c.o
    0x08002d00   0x00000164   Code   RO         2922    i.HAL_I2C_Mem_Write  stm32f1xx_hal_i2c.o
    0x08002e64   0x000000e8   Code   RO         1417    i.HAL_I2C_MspInit   i2c.o
    0x08002f4c   0x00000018   Code   RO         1899    i.HAL_IncTick       stm32f1xx_hal.o
    0x08002f64   0x00000028   Code   RO         1900    i.HAL_Init          stm32f1xx_hal.o
    0x08002f8c   0x000000b4   Code   RO         1807    i.HAL_InitTick      stm32f1xx_hal_timebase_tim.o
    0x08003040   0x00000060   Code   RO         1783    i.HAL_MspInit       stm32f1xx_hal_msp.o
    0x080030a0   0x00000044   Code   RO         2363    i.HAL_NVIC_DisableIRQ  stm32f1xx_hal_cortex.o
    0x080030e4   0x00000020   Code   RO         2364    i.HAL_NVIC_EnableIRQ  stm32f1xx_hal_cortex.o
    0x08003104   0x0000007c   Code   RO         2370    i.HAL_NVIC_SetPriority  stm32f1xx_hal_cortex.o
    0x08003180   0x00000028   Code   RO         2371    i.HAL_NVIC_SetPriorityGrouping  stm32f1xx_hal_cortex.o
    0x080031a8   0x0000018c   Code   RO         2057    i.HAL_RCC_ClockConfig  stm32f1xx_hal_rcc.o
    0x08003334   0x00000044   Code   RO         2061    i.HAL_RCC_GetClockConfig  stm32f1xx_hal_rcc.o
    0x08003378   0x0000000c   Code   RO         2062    i.HAL_RCC_GetHCLKFreq  stm32f1xx_hal_rcc.o
    0x08003384   0x00000020   Code   RO         2064    i.HAL_RCC_GetPCLK1Freq  stm32f1xx_hal_rcc.o
    0x080033a4   0x00000020   Code   RO         2065    i.HAL_RCC_GetPCLK2Freq  stm32f1xx_hal_rcc.o
    0x080033c4   0x00000070   Code   RO         2066    i.HAL_RCC_GetSysClockFreq  stm32f1xx_hal_rcc.o
    0x08003434   0x00000464   Code   RO         2069    i.HAL_RCC_OscConfig  stm32f1xx_hal_rcc.o
    0x08003898   0x00000002   Code   RO         4084    i.HAL_TIMEx_BreakCallback  stm32f1xx_hal_tim_ex.o
    0x0800389a   0x00000002   Code   RO         4085    i.HAL_TIMEx_CommutCallback  stm32f1xx_hal_tim_ex.o
    0x0800389c   0x00000074   Code   RO         4087    i.HAL_TIMEx_ConfigBreakDeadTime  stm32f1xx_hal_tim_ex.o
    0x08003910   0x0000009c   Code   RO         4103    i.HAL_TIMEx_MasterConfigSynchronization  stm32f1xx_hal_tim_ex.o
    0x080039ac   0x00000078   Code   RO         3367    i.HAL_TIM_Base_DeInit  stm32f1xx_hal_tim.o
    0x08003a24   0x00000066   Code   RO         3369    i.HAL_TIM_Base_Init  stm32f1xx_hal_tim.o
    0x08003a8a   0x00000002   PAD
    0x08003a8c   0x00000054   Code   RO         1464    i.HAL_TIM_Base_MspDeInit  tim.o
    0x08003ae0   0x000000c4   Code   RO         1465    i.HAL_TIM_Base_MspInit  tim.o
    0x08003ba4   0x00000090   Code   RO         3374    i.HAL_TIM_Base_Start_IT  stm32f1xx_hal_tim.o
    0x08003c34   0x0000010c   Code   RO         3378    i.HAL_TIM_ConfigClockSource  stm32f1xx_hal_tim.o
    0x08003d40   0x000000c4   Code   RO         3390    i.HAL_TIM_Encoder_Init  stm32f1xx_hal_tim.o
    0x08003e04   0x00000200   Code   RO         1467    i.HAL_TIM_Encoder_MspInit  tim.o
    0x08004004   0x000000cc   Code   RO         3393    i.HAL_TIM_Encoder_Start  stm32f1xx_hal_tim.o
    0x080040d0   0x00000002   Code   RO         3399    i.HAL_TIM_ErrorCallback  stm32f1xx_hal_tim.o
    0x080040d2   0x00000002   Code   RO         3403    i.HAL_TIM_IC_CaptureCallback  stm32f1xx_hal_tim.o
    0x080040d4   0x0000016c   Code   RO         3417    i.HAL_TIM_IRQHandler  stm32f1xx_hal_tim.o
    0x08004240   0x000000c8   Code   RO         1468    i.HAL_TIM_MspPostInit  tim.o
    0x08004308   0x00000002   Code   RO         3420    i.HAL_TIM_OC_DelayElapsedCallback  stm32f1xx_hal_tim.o
    0x0800430a   0x00000104   Code   RO         3441    i.HAL_TIM_PWM_ConfigChannel  stm32f1xx_hal_tim.o
    0x0800440e   0x00000066   Code   RO         3444    i.HAL_TIM_PWM_Init  stm32f1xx_hal_tim.o
    0x08004474   0x00000002   Code   RO         3446    i.HAL_TIM_PWM_MspInit  stm32f1xx_hal_tim.o
    0x08004476   0x00000002   PAD
    0x08004478   0x00000020   Code   RO          455    i.HAL_TIM_PWM_PulseFinishedCallback  ws2812b.o
    0x08004498   0x00000002   Code   RO         3448    i.HAL_TIM_PWM_PulseFinishedHalfCpltCallback  stm32f1xx_hal_tim.o
    0x0800449a   0x00000002   PAD
    0x0800449c   0x000000f4   Code   RO         3449    i.HAL_TIM_PWM_Start  stm32f1xx_hal_tim.o
    0x08004590   0x00000234   Code   RO         3450    i.HAL_TIM_PWM_Start_DMA  stm32f1xx_hal_tim.o
    0x080047c4   0x000000a8   Code   RO         3452    i.HAL_TIM_PWM_Stop  stm32f1xx_hal_tim.o
    0x0800486c   0x00000114   Code   RO         3453    i.HAL_TIM_PWM_Stop_DMA  stm32f1xx_hal_tim.o
    0x08004980   0x00000018   Code   RO         1106    i.HAL_TIM_PeriodElapsedCallback  main.o
    0x08004998   0x00000002   Code   RO         3460    i.HAL_TIM_TriggerCallback  stm32f1xx_hal_tim.o
    0x0800499a   0x00000072   Code   RO         4362    i.HAL_UARTEx_ReceiveToIdle_IT  stm32f1xx_hal_uart.o
    0x08004a0c   0x0000004c   Code   RO         1213    i.HAL_UARTEx_RxEventCallback  freertos.o
    0x08004a58   0x00000002   Code   RO         4377    i.HAL_UART_ErrorCallback  stm32f1xx_hal_uart.o
    0x08004a5a   0x00000002   PAD
    0x08004a5c   0x000002e4   Code   RO         4380    i.HAL_UART_IRQHandler  stm32f1xx_hal_uart.o
    0x08004d40   0x00000076   Code   RO         4381    i.HAL_UART_Init     stm32f1xx_hal_uart.o
    0x08004db6   0x00000002   PAD
    0x08004db8   0x000002a0   Code   RO         1561    i.HAL_UART_MspInit  usart.o
    0x08005058   0x00000002   Code   RO         4387    i.HAL_UART_RxCpltCallback  stm32f1xx_hal_uart.o
    0x0800505a   0x000000be   Code   RO         4389    i.HAL_UART_Transmit  stm32f1xx_hal_uart.o
    0x08005118   0x00000002   Code   RO         4392    i.HAL_UART_TxCpltCallback  stm32f1xx_hal_uart.o
    0x0800511a   0x00000002   PAD
    0x0800511c   0x00000108   Code   RO         1035    i.HWT101_GetValue   hwt101.o
    0x08005224   0x00000034   Code   RO         1036    i.HWT101_Init       hwt101.o
    0x08005258   0x00000004   Code   RO         1649    i.HardFault_Handler  stm32f1xx_it.o
    0x0800525c   0x0000003e   Code   RO         2945    i.I2C_IsAcknowledgeFailed  stm32f1xx_hal_i2c.o
    0x0800529a   0x00000002   PAD
    0x0800529c   0x00000160   Code   RO         2956    i.I2C_RequestMemoryRead  stm32f1xx_hal_i2c.o
    0x080053fc   0x000000e0   Code   RO         2957    i.I2C_RequestMemoryWrite  stm32f1xx_hal_i2c.o
    0x080054dc   0x00000066   Code   RO         2965    i.I2C_WaitOnBTFFlagUntilTimeout  stm32f1xx_hal_i2c.o
    0x08005542   0x000000be   Code   RO         2966    i.I2C_WaitOnFlagUntilTimeout  stm32f1xx_hal_i2c.o
    0x08005600   0x000000fa   Code   RO         2967    i.I2C_WaitOnMasterAddressFlagUntilTimeout  stm32f1xx_hal_i2c.o
    0x080056fa   0x0000008a   Code   RO         2968    i.I2C_WaitOnRXNEFlagUntilTimeout  stm32f1xx_hal_i2c.o
    0x08005784   0x00000066   Code   RO         2971    i.I2C_WaitOnTXEFlagUntilTimeout  stm32f1xx_hal_i2c.o
    0x080057ea   0x00000002   PAD
    0x080057ec   0x00000030   Code   RO         1037    i.IICreadBytes      hwt101.o
    0x0800581c   0x00000030   Code   RO         1038    i.IICwriteBytes     hwt101.o
    0x0800584c   0x00000034   Code   RO         1392    i.MX_DMA_Init       dma.o
    0x08005880   0x000000d0   Code   RO         1214    i.MX_FREERTOS_Init  freertos.o
    0x08005950   0x000001fc   Code   RO         1188    i.MX_GPIO_Init      gpio.o
    0x08005b4c   0x0000003c   Code   RO         1418    i.MX_I2C1_Init      i2c.o
    0x08005b88   0x0000003c   Code   RO         1419    i.MX_I2C2_Init      i2c.o
    0x08005bc4   0x00000108   Code   RO         1469    i.MX_TIM1_Init      tim.o
    0x08005ccc   0x00000078   Code   RO         1470    i.MX_TIM2_Init      tim.o
    0x08005d44   0x0000007c   Code   RO         1471    i.MX_TIM3_Init      tim.o
    0x08005dc0   0x0000007c   Code   RO         1472    i.MX_TIM4_Init      tim.o
    0x08005e3c   0x0000007c   Code   RO         1473    i.MX_TIM5_Init      tim.o
    0x08005eb8   0x000000e8   Code   RO         1474    i.MX_TIM8_Init      tim.o
    0x08005fa0   0x000000a8   Code   RO         1475    i.MX_TIM8_Servo_Init  tim.o
    0x08006048   0x00000038   Code   RO         1562    i.MX_UART4_Init     usart.o
    0x08006080   0x00000038   Code   RO         1563    i.MX_UART5_Init     usart.o
    0x080060b8   0x00000038   Code   RO         1564    i.MX_USART1_UART_Init  usart.o
    0x080060f0   0x00000038   Code   RO         1565    i.MX_USART2_UART_Init  usart.o
    0x08006128   0x00000038   Code   RO         1566    i.MX_USART3_UART_Init  usart.o
    0x08006160   0x00000004   Code   RO         1650    i.MemManage_Handler  stm32f1xx_it.o
    0x08006164   0x00000098   Code   RO          278    i.Motor_Channel     motor.o
    0x080061fc   0x00000016   Code   RO          279    i.Motor_Clamp       motor.o
    0x08006212   0x00000002   PAD
    0x08006214   0x0000002c   Code   RO          281    i.Motor_Init        motor.o
    0x08006240   0x00000060   Code   RO          284    i.Motor_SetPWM      motor.o
    0x080062a0   0x00000010   Code   RO          285    i.Motor_Stop        motor.o
    0x080062b0   0x00000016   Code   RO          286    i.Motor_TurnLeft    motor.o
    0x080062c6   0x00000004   Code   RO         1651    i.NMI_Handler       stm32f1xx_it.o
    0x080062ca   0x00000002   PAD
    0x080062cc   0x00000028   Code   RO         2070    i.RCC_Delay         stm32f1xx_hal_rcc.o
    0x080062f4   0x0000001c   Code   RO          373    i.Read_Encoder_TIM2  encoder.o
    0x08006310   0x0000001c   Code   RO          374    i.Read_Encoder_TIM3  encoder.o
    0x0800632c   0x0000001c   Code   RO          375    i.Read_Encoder_TIM4  encoder.o
    0x08006348   0x0000001c   Code   RO          376    i.Read_Encoder_TIM5  encoder.o
    0x08006364   0x00000064   Code   RO         1215    i.RobotNeedLight    freertos.o
    0x080063c8   0x0000000e   Code   RO         1216    i.Robot_AbsS32      freertos.o
    0x080063d6   0x00000002   PAD
    0x080063d8   0x00000024   Code   RO         1217    i.Robot_ClearFrontSwitchLatch  freertos.o
    0x080063fc   0x00000030   Code   RO         1218    i.Robot_ComputePushTravelMm  freertos.o
    0x0800642c   0x0000002c   Code   RO         1219    i.Robot_EstimateForwardMm  freertos.o
    0x08006458   0x00000056   Code   RO         1220    i.Robot_ParseVisionScore  freertos.o
    0x080064ae   0x00000002   PAD
    0x080064b0   0x00000014   Code   RO         1221    i.Robot_ResetForwardProgress  freertos.o
    0x080064c4   0x00000034   Code   RO         1222    i.Robot_ResetVisionData  freertos.o
    0x080064f8   0x00000114   Code   RO         1223    i.Robot_StateName   freertos.o
    0x0800660c   0x0000003c   Code   RO         1224    i.Robot_UpdateEncoderSnapshot  freertos.o
    0x08006648   0x00000094   Code   RO         1225    i.Robot_UpdateForwardProgress  freertos.o
    0x080066dc   0x00000340   Code   RO         1226    i.Robot_VisionProtocol_Poll  freertos.o
    0x08006a1c   0x0000009c   Code   RO         1227    i.Robot_VisionRxStart  freertos.o
    0x08006ab8   0x0000001c   Code   RO          537    i.Servo_AngleToPulse  servo.o
    0x08006ad4   0x0000000e   Code   RO          538    i.Servo_Close       servo.o
    0x08006ae2   0x0000000e   Code   RO          539    i.Servo_Open        servo.o
    0x08006af0   0x00000020   Code   RO          540    i.Servo_SetAngle    servo.o
    0x08006b10   0x00000012   Code   RO         1228    i.StartCommTask     freertos.o
    0x08006b22   0x00000002   PAD
    0x08006b24   0x000000bc   Code   RO         1229    i.StartEncoderTask  freertos.o
    0x08006be0   0x00000044   Code   RO         1230    i.StartIMUTask      freertos.o
    0x08006c24   0x00000218   Code   RO         1231    i.StartLedTask      freertos.o
    0x08006e3c   0x0000033c   Code   RO         1232    i.StartMotorTask    freertos.o
    0x08007178   0x0000000a   Code   RO         1233    i.StartSensorTask   freertos.o
    0x08007182   0x00000002   PAD
    0x08007184   0x000000bc   Code   RO         1234    i.StartServoTask    freertos.o
    0x08007240   0x00000020   Code   RO         1235    i.StateTimedOut     freertos.o
    0x08007260   0x00000034   Code   RO         6000    i.SysTick_Handler   port.o
    0x08007294   0x00000066   Code   RO         1108    i.SystemClock_Config  main.o
    0x080072fa   0x00000002   Code   RO         4725    i.SystemInit        system_stm32f1xx.o
    0x080072fc   0x00000010   Code   RO         1652    i.TIM1_UP_IRQHandler  stm32f1xx_it.o
    0x0800730c   0x00000010   Code   RO         1653    i.TIM3_IRQHandler   stm32f1xx_it.o
    0x0800731c   0x00000010   Code   RO         1654    i.TIM4_IRQHandler   stm32f1xx_it.o
    0x0800732c   0x00000010   Code   RO         1655    i.TIM5_IRQHandler   stm32f1xx_it.o
    0x0800733c   0x00000010   Code   RO         1656    i.TIM6_IRQHandler   stm32f1xx_it.o
    0x0800734c   0x00000024   Code   RO          541    i.TIM8_SwitchToServo  servo.o
    0x08007370   0x0000002c   Code   RO          456    i.TIM8_SwitchToWs2812  ws2812b.o
    0x0800739c   0x00000010   Code   RO         1657    i.TIM8_UP_IRQHandler  stm32f1xx_it.o
    0x080073ac   0x000000ac   Code   RO         3462    i.TIM_Base_SetConfig  stm32f1xx_hal_tim.o
    0x08007458   0x00000022   Code   RO         3463    i.TIM_CCxChannelCmd  stm32f1xx_hal_tim.o
    0x0800747a   0x00000068   Code   RO         3466    i.TIM_DMADelayPulseCplt  stm32f1xx_hal_tim.o
    0x080074e2   0x00000040   Code   RO         3467    i.TIM_DMADelayPulseHalfCplt  stm32f1xx_hal_tim.o
    0x08007522   0x0000005e   Code   RO         3468    i.TIM_DMAError      stm32f1xx_hal_tim.o
    0x08007580   0x00000016   Code   RO         3473    i.TIM_ETR_SetConfig  stm32f1xx_hal_tim.o
    0x08007596   0x00000012   Code   RO         3474    i.TIM_ITRx_SetConfig  stm32f1xx_hal_tim.o
    0x080075a8   0x00000070   Code   RO         3475    i.TIM_OC1_SetConfig  stm32f1xx_hal_tim.o
    0x08007618   0x0000007c   Code   RO         3476    i.TIM_OC2_SetConfig  stm32f1xx_hal_tim.o
    0x08007694   0x00000078   Code   RO         3477    i.TIM_OC3_SetConfig  stm32f1xx_hal_tim.o
    0x0800770c   0x00000054   Code   RO         3478    i.TIM_OC4_SetConfig  stm32f1xx_hal_tim.o
    0x08007760   0x00000026   Code   RO         3480    i.TIM_TI1_ConfigInputStage  stm32f1xx_hal_tim.o
    0x08007786   0x00000028   Code   RO         3482    i.TIM_TI2_ConfigInputStage  stm32f1xx_hal_tim.o
    0x080077ae   0x00000014   Code   RO         4394    i.UART_DMAAbortOnError  stm32f1xx_hal_uart.o
    0x080077c2   0x0000006c   Code   RO         4404    i.UART_EndRxTransfer  stm32f1xx_hal_uart.o
    0x0800782e   0x00000020   Code   RO         4405    i.UART_EndTransmit_IT  stm32f1xx_hal_uart.o
    0x0800784e   0x000000fc   Code   RO         4407    i.UART_Receive_IT   stm32f1xx_hal_uart.o
    0x0800794a   0x00000002   PAD
    0x0800794c   0x000000fc   Code   RO         4408    i.UART_SetConfig    stm32f1xx_hal_uart.o
    0x08007a48   0x00000040   Code   RO         4410    i.UART_Start_Receive_IT  stm32f1xx_hal_uart.o
    0x08007a88   0x00000060   Code   RO         4411    i.UART_Transmit_IT  stm32f1xx_hal_uart.o
    0x08007ae8   0x0000008c   Code   RO         4412    i.UART_WaitOnFlagUntilTimeout  stm32f1xx_hal_uart.o
    0x08007b74   0x00000010   Code   RO         1658    i.USART1_IRQHandler  stm32f1xx_it.o
    0x08007b84   0x00000010   Code   RO         1659    i.USART2_IRQHandler  stm32f1xx_it.o
    0x08007b94   0x00000010   Code   RO         1660    i.USART3_IRQHandler  stm32f1xx_it.o
    0x08007ba4   0x00000004   Code   RO         1661    i.UsageFault_Handler  stm32f1xx_it.o
    0x08007ba8   0x00000120   Code   RO         1236    i.VisionDetectedStable  freertos.o
    0x08007cc8   0x0000000e   Code   RO          457    i.WS2812_Clear      ws2812b.o
    0x08007cd6   0x00000002   PAD
    0x08007cd8   0x0000003c   Code   RO          458    i.WS2812_Init       ws2812b.o
    0x08007d14   0x0000003c   Code   RO          459    i.WS2812_Send       ws2812b.o
    0x08007d50   0x0000003c   Code   RO          460    i.WS2812_SetAll     ws2812b.o
    0x08007d8c   0x00000038   Code   RO          461    i.WS2812_SetLED     ws2812b.o
    0x08007dc4   0x000000a8   Code   RO          464    i.WS2812_UpdateDMABuffer  ws2812b.o
    0x08007e6c   0x00000018   Code   RO          816    i.WitDelayMsRegister  wit_c_sdk.o
    0x08007e84   0x00000028   Code   RO          817    i.WitI2cFuncRegister  wit_c_sdk.o
    0x08007eac   0x0000002c   Code   RO          818    i.WitInit           wit_c_sdk.o
    0x08007ed8   0x000001cc   Code   RO          819    i.WitReadReg        wit_c_sdk.o
    0x080080a4   0x00000018   Code   RO          820    i.WitRegisterCallBack  wit_c_sdk.o
    0x080080bc   0x00000028   Code   RO         6327    i.__ARM_fpclassify  m_ws.l(fpclassify.o)
    0x080080e4   0x00000038   Code   RO          842    i.__CRC16           wit_c_sdk.o
    0x0800811c   0x00000010   Code   RO         2377    i.__NVIC_GetPriorityGrouping  stm32f1xx_hal_cortex.o
    0x0800812c   0x00000028   Code   RO         2378    i.__NVIC_SetPriority  stm32f1xx_hal_cortex.o
    0x08008154   0x0000000e   Code   RO         6130    i._is_digit         c_w.l(__printf_wp.o)
    0x08008162   0x00000002   Code   RO         1567    i._sys_exit         usart.o
    0x08008164   0x0000000c   Code   RO         1039    i.delay_ms          hwt101.o
    0x08008170   0x00000018   Code   RO         1568    i.fputc             usart.o
    0x08008188   0x000000c8   Code   RO         1109    i.main              main.o
    0x08008250   0x0000000e   Code   RO         5565    i.makeFreeRtosPriority  cmsis_os.o
    0x0800825e   0x00000018   Code   RO         5567    i.osDelay           cmsis_os.o
    0x08008276   0x0000000a   Code   RO         5570    i.osKernelStart     cmsis_os.o
    0x08008280   0x0000005e   Code   RO         5604    i.osThreadCreate    cmsis_os.o
    0x080082de   0x00000002   PAD
    0x080082e0   0x00000098   Code   RO         5236    i.prvAddCurrentTaskToDelayedList  tasks.o
    0x08008378   0x000000b4   Code   RO         5237    i.prvAddNewTaskToReadyList  tasks.o
    0x0800842c   0x00000048   Code   RO         5238    i.prvCheckTasksWaitingTermination  tasks.o
    0x08008474   0x00000050   Code   RO         5239    i.prvDeleteTCB      tasks.o
    0x080084c4   0x0000007c   Code   RO         5932    i.prvHeapInit       heap_4.o
    0x08008540   0x00000028   Code   RO         5240    i.prvIdleTask       tasks.o
    0x08008568   0x000000b4   Code   RO         5241    i.prvInitialiseNewTask  tasks.o
    0x0800861c   0x00000068   Code   RO         5242    i.prvInitialiseTaskLists  tasks.o
    0x08008684   0x00000068   Code   RO         5933    i.prvInsertBlockIntoFreeList  heap_4.o
    0x080086ec   0x00000034   Code   RO         5243    i.prvResetNextTaskUnblockTime  tasks.o
    0x08008720   0x00000040   Code   RO         6001    i.prvTaskExitError  port.o
    0x08008760   0x0000014c   Code   RO         5934    i.pvPortMalloc      heap_4.o
    0x080088ac   0x00000024   Code   RO         6002    i.pxPortInitialiseStack  port.o
    0x080088d0   0x00000028   Code   RO         4862    i.uxListRemove      list.o
    0x080088f8   0x00000018   Code   RO         1237    i.vApplicationGetIdleTaskMemory  freertos.o
    0x08008910   0x0000001a   Code   RO         4863    i.vListInitialise   list.o
    0x0800892a   0x00000006   Code   RO         4864    i.vListInitialiseItem  list.o
    0x08008930   0x00000034   Code   RO         4865    i.vListInsert       list.o
    0x08008964   0x00000018   Code   RO         4866    i.vListInsertEnd    list.o
    0x0800897c   0x00000054   Code   RO         6004    i.vPortEnterCritical  port.o
    0x080089d0   0x0000003c   Code   RO         6005    i.vPortExitCritical  port.o
    0x08008a0c   0x000000a4   Code   RO         5935    i.vPortFree         heap_4.o
    0x08008ab0   0x00000028   Code   RO         6006    i.vPortSetupTimerInterrupt  port.o
    0x08008ad8   0x0000005c   Code   RO         5252    i.vTaskDelay        tasks.o
    0x08008b34   0x000000b0   Code   RO         5265    i.vTaskStartScheduler  tasks.o
    0x08008be4   0x00000010   Code   RO         5267    i.vTaskSuspendAll   tasks.o
    0x08008bf4   0x0000008c   Code   RO         5268    i.vTaskSwitchContext  tasks.o
    0x08008c80   0x000000f8   Code   RO         6008    i.xPortStartScheduler  port.o
    0x08008d78   0x00000064   Code   RO         5271    i.xTaskCreate       tasks.o
    0x08008ddc   0x000000ba   Code   RO         5272    i.xTaskCreateStatic  tasks.o
    0x08008e96   0x00000002   PAD
    0x08008e98   0x00000148   Code   RO         5279    i.xTaskIncrementTick  tasks.o
    0x08008fe0   0x00000104   Code   RO         5285    i.xTaskResumeAll    tasks.o
    0x080090e4   0x0000002c   Code   RO         6318    locale$$code        c_w.l(lc_ctype_c.o)
    0x08009110   0x0000002c   Code   RO         6321    locale$$code        c_w.l(lc_numeric_c.o)
    0x0800913c   0x0000000c   Code   RO         6248    x$fpl$dretinf       fz_ws.l(dretinf.o)
    0x08009148   0x00000056   Code   RO         6189    x$fpl$f2d           fz_ws.l(f2d.o)
    0x0800919e   0x00000002   PAD
    0x080091a0   0x000000c4   Code   RO         6191    x$fpl$fadd          fz_ws.l(faddsub_clz.o)
    0x08009264   0x00000018   Code   RO         6250    x$fpl$fcmpinf       fz_ws.l(fcmpi.o)
    0x0800927c   0x00000184   Code   RO         6198    x$fpl$fdiv          fz_ws.l(fdiv.o)
    0x08009400   0x00000036   Code   RO         6201    x$fpl$ffix          fz_ws.l(ffix.o)
    0x08009436   0x00000002   PAD
    0x08009438   0x0000003e   Code   RO         6205    x$fpl$ffixu         fz_ws.l(ffixu.o)
    0x08009476   0x00000002   PAD
    0x08009478   0x00000030   Code   RO         6210    x$fpl$fflt          fz_ws.l(fflt_clz.o)
    0x080094a8   0x00000026   Code   RO         6209    x$fpl$ffltu         fz_ws.l(fflt_clz.o)
    0x080094ce   0x00000002   PAD
    0x080094d0   0x00000068   Code   RO         6215    x$fpl$fleqf         fz_ws.l(fleqf.o)
    0x08009538   0x00000102   Code   RO         6217    x$fpl$fmul          fz_ws.l(fmul.o)
    0x0800963a   0x0000008c   Code   RO         6252    x$fpl$fnaninf       fz_ws.l(fnaninf.o)
    0x080096c6   0x0000000a   Code   RO         6254    x$fpl$fretinf       fz_ws.l(fretinf.o)
    0x080096d0   0x00000062   Code   RO         6219    x$fpl$frleqf        fz_ws.l(frleqf.o)
    0x08009732   0x00000002   PAD
    0x08009734   0x000000ea   Code   RO         6193    x$fpl$fsub          fz_ws.l(faddsub_clz.o)
    0x0800981e   0x00000004   Code   RO         6221    x$fpl$printf1       fz_ws.l(printf1.o)
    0x08009822   0x00000000   Code   RO         6256    x$fpl$usenofp       fz_ws.l(usenofp.o)
    0x08009822   0x00000008   Data   RO          656    .constdata          chassis.o
    0x0800982a   0x00000200   Data   RO          845    .constdata          wit_c_sdk.o
    0x08009a2a   0x00000002   PAD
    0x08009a2c   0x000000c4   Data   RO         1239    .constdata          freertos.o
    0x08009af0   0x00000012   Data   RO         2071    .constdata          stm32f1xx_hal_rcc.o
    0x08009b02   0x00000018   Data   RO         4726    .constdata          system_stm32f1xx.o
    0x08009b1a   0x00000002   PAD
    0x08009b1c   0x00000094   Data   RO         6289    .constdata          c_w.l(bigflt0.o)
    0x08009bb0   0x0000004a   Data   RO         1240    .conststring        freertos.o
    0x08009bfa   0x00000002   PAD
    0x08009bfc   0x00000020   Data   RO         6461    Region$$Table       anon$$obj.o
    0x08009c1c   0x00000110   Data   RO         6317    locale$$data        c_w.l(lc_ctype_c.o)
    0x08009d2c   0x0000001c   Data   RO         6320    locale$$data        c_w.l(lc_numeric_c.o)


    Execution Region RW_IRAM1 (Base: 0x20000000, Size: 0x000068e8, Max: 0x00010000, ABSOLUTE, COMPRESSED[0x00000028])

    Base Addr    Size         Type   Attr      Idx    E Section Name        Object

    0x20000000   0x00000010   Data   RW          657    .data               chassis.o
    0x20000010   0x00000028   Data   RW          846    .data               wit_c_sdk.o
    0x20000038   0x00000001   Data   RW         1041    .data               hwt101.o
    0x20000039   0x00000001   PAD
    0x2000003a   0x0000000c   Data   RW         1110    .data               main.o
    0x20000046   0x00000002   PAD
    0x20000048   0x00000070   Data   RW         1241    .data               freertos.o
    0x200000b8   0x00000004   Data   RW         1570    .data               usart.o
    0x200000bc   0x00000009   Data   RW         1907    .data               stm32f1xx_hal.o
    0x200000c5   0x00000003   PAD
    0x200000c8   0x00000004   Data   RW         4727    .data               system_stm32f1xx.o
    0x200000cc   0x0000003c   Data   RW         5288    .data               tasks.o
    0x20000108   0x00000020   Data   RW         5941    .data               heap_4.o
    0x20000128   0x0000000c   Data   RW         6009    .data               port.o
    0x20000134   0x00000040   Zero   RW          377    .bss                encoder.o
    0x20000174   0x0000069a   Zero   RW          465    .bss                ws2812b.o
    0x2000080e   0x00000220   Zero   RW          844    .bss                wit_c_sdk.o
    0x20000a2e   0x00000002   PAD
    0x20000a30   0x00000024   Zero   RW         1040    .bss                hwt101.o
    0x20000a54   0x000004d4   Zero   RW         1238    .bss                freertos.o
    0x20000f28   0x000000a8   Zero   RW         1420    .bss                i2c.o
    0x20000fd0   0x000001f4   Zero   RW         1476    .bss                tim.o
    0x200011c4   0x00000168   Zero   RW         1569    .bss                usart.o
    0x2000132c   0x00000048   Zero   RW         1810    .bss                stm32f1xx_hal_timebase_tim.o
    0x20001374   0x000000f0   Zero   RW         5287    .bss                tasks.o
    0x20001464   0x00004e20   Zero   RW         5940    .bss                heap_4.o
    0x20006284   0x00000060   Zero   RW         6258    .bss                c_w.l(libspace.o)
    0x200062e4   0x00000004   PAD
    0x200062e8   0x00000200   Zero   RW         6077    HEAP                startup_stm32f103xe.o
    0x200064e8   0x00000400   Zero   RW         6076    STACK               startup_stm32f103xe.o


==============================================================================

Image component sizes


      Code (inc. data)   RO Data    RW Data    ZI Data      Debug   Object Name

       826        126          8         16          0       8518   chassis.o
       142          0          0          0          0      22839   cmsis_os.o
        52          4          0          0          0        698   dma.o
       112         36          0          0         64       2887   encoder.o
         0          0          0          0          0      16944   event_groups.o
      4488       1284        270        112       1236      20198   freertos.o
       508         30          0          0          0       1167   gpio.o
       724         74          0         32      20000       7167   heap_4.o
       604         70          0          1         36       4335   hwt101.o
       352         46          0          0        168       2154   i2c.o
       148          0          0          0          0       3278   list.o
       332         44          0         12          0       7778   main.o
       352         18          0          0          0       3334   motor.o
       734         64          0         12          0      10148   port.o
       124         12          0          0          0      29433   servo.o
        64         26        304          0       1536        756   startup_stm32f103xe.o
       116         24          0          9          0       5702   stm32f1xx_hal.o
       320         28          0          0          0      29228   stm32f1xx_hal_cortex.o
      1910         36          0          0          0       5771   stm32f1xx_hal_dma.o
       872         44          0          0          0       3199   stm32f1xx_hal_gpio.o
      3124         50          0          0          0      11330   stm32f1xx_hal_i2c.o
        96         10          0          0          0        850   stm32f1xx_hal_msp.o
      1816        108         18          0          0       6381   stm32f1xx_hal_rcc.o
      4050        152          0          0          0      22942   stm32f1xx_hal_tim.o
       276         22          0          0          0       3113   stm32f1xx_hal_tim_ex.o
       180         22          0          0         72       1395   stm32f1xx_hal_timebase_tim.o
      2132          8          0          0          0      11749   stm32f1xx_hal_uart.o
       234         68          0          0          0       8251   stm32f1xx_it.o
         0          0          0          0          0        392   stream_buffer.o
         2          0         24          4          0       1047   system_stm32f1xx.o
      2158        270          0         60        240      19529   tasks.o
      2148        148          0          0        500       8106   tim.o
       978         96          0          4        360       6338   usart.o
         0          0          0          0          0     494076   vl53l0x.o
       648         80        512         40        544       5370   wit_c_sdk.o
       494         54          0          0       1690       4609   ws2812b.o

    ----------------------------------------------------------------------
     31158       3054       1174        308      26448     791012   Object Totals
         0          0         32          0          0          0   (incl. Generated)
        42          0          6          6          2          0   (incl. Padding)

    ----------------------------------------------------------------------

      Code (inc. data)   RO Data    RW Data    ZI Data      Debug   Library Member Name

        90          0          0          0          0          0   __dczerorl2.o
         8          0          0          0          0         68   __main.o
       284          0          0          0          0        156   __printf_wp.o
         0          0          0          0          0          0   __rtentry.o
        12          0          0          0          0          0   __rtentry2.o
         6          0          0          0          0          0   __rtentry4.o
        52          8          0          0          0          0   __scatter.o
        28          0          0          0          0          0   __scatter_zi.o
        28          0          0          0          0         68   _chval.o
        44          0          0          0          0        108   _printf_char.o
        48          6          0          0          0         96   _printf_char_common.o
        36          4          0          0          0         80   _printf_char_file.o
         6          0          0          0          0          0   _printf_d.o
       120         16          0          0          0         92   _printf_dec.o
         6          0          0          0          0          0   _printf_f.o
      1050          0          0          0          0        216   _printf_fp_dec.o
       128         16          0          0          0         84   _printf_fp_infnan.o
       178          0          0          0          0         88   _printf_intcommon.o
         0          0          0          0          0          0   _printf_percent.o
         4          0          0          0          0          0   _printf_percent_end.o
         6          0          0          0          0          0   _printf_s.o
        82          0          0          0          0         80   _printf_str.o
         6          0          0          0          0          0   _printf_u.o
       158          0          0          0          0         92   _strtoul.o
       220          4        148          0          0         96   bigflt0.o
      1910        128          0          0          0        672   btod.o
        18          0          0          0          0         80   exit.o
         8          0          0          0          0         68   ferror.o
         6          0          0          0          0        152   heapauxi.o
        44         10        272          0          0         76   lc_ctype_c.o
        44         10         28          0          0         76   lc_numeric_c.o
         2          0          0          0          0          0   libinit.o
        30          0          0          0          0          0   libinit2.o
         2          0          0          0          0          0   libshutdown.o
         2          0          0          0          0          0   libshutdown2.o
         8          4          0          0         96         68   libspace.o
       138          0          0          0          0         80   lludiv10.o
        24          4          0          0          0         84   noretval__2printf.o
        16          4          0          0          0         76   rt_ctype_table.o
         8          4          0          0          0         68   rt_errno_addr_intlibspace.o
         8          4          0          0          0         68   rt_locale_intlibspace.o
        68          0          0          0          0         68   rt_memclr.o
        78          0          0          0          0         80   rt_memclr_w.o
       100          0          0          0          0         80   rt_memcpy_w.o
         2          0          0          0          0          0   rtexit.o
        10          0          0          0          0          0   rtexit2.o
       128          0          0          0          0         68   strcmpv7m.o
        32          0          0          0          0         80   strcspn.o
        86          0          0          0          0         76   strncpy.o
        28          0          0          0          0         80   strspn.o
        68          4          0          0          0         84   strtok_int.o
         4          0          0          0          0         68   strtok_r.o
       112          0          0          0          0         88   strtol.o
        74          0          0          0          0         80   sys_stackheap_outer.o
         2          0          0          0          0         68   use_no_semi.o
        12          0          0          0          0         68   dretinf.o
        86          4          0          0          0         84   f2d.o
       430          8          0          0          0        168   faddsub_clz.o
        24          0          0          0          0         68   fcmpi.o
       388         76          0          0          0         96   fdiv.o
        54          4          0          0          0         84   ffix.o
        62          4          0          0          0         84   ffixu.o
        86          0          0          0          0        136   fflt_clz.o
       104          4          0          0          0         84   fleqf.o
       258          4          0          0          0         84   fmul.o
       140          4          0          0          0         84   fnaninf.o
        10          0          0          0          0         68   fretinf.o
        98          0          0          0          0         68   frleqf.o
         4          0          0          0          0         68   printf1.o
         0          0          0          0          0          0   usenofp.o
        40          0          0          0          0         68   fpclassify.o

    ----------------------------------------------------------------------
      7484        334        448          0        100       5124   Library Totals
        28          0          0          0          4          0   (incl. Padding)

    ----------------------------------------------------------------------

      Code (inc. data)   RO Data    RW Data    ZI Data      Debug   Library Name

      5660        226        448          0         96       3812   c_w.l
      1756        108          0          0          0       1244   fz_ws.l
        40          0          0          0          0         68   m_ws.l

    ----------------------------------------------------------------------
      7484        334        448          0        100       5124   Library Totals

    ----------------------------------------------------------------------

==============================================================================


      Code (inc. data)   RO Data    RW Data    ZI Data      Debug   

     38642       3388       1622        308      26548     780116   Grand Totals
     38642       3388       1622         40      26548     780116   ELF Image Totals (compressed)
     38642       3388       1622         40          0          0   ROM Totals

==============================================================================

    Total RO  Size (Code + RO Data)                40264 (  39.32kB)
    Total RW  Size (RW Data + ZI Data)             26856 (  26.23kB)
    Total ROM Size (Code + RO Data + RW Data)      40304 (  39.36kB)

==============================================================================

